Archive member included to satisfy reference by file (symbol)

c:/program files (x86)/atollic/truestudio for arm 8.1.0/armtools/bin/../lib/gcc/arm-atollic-eabi/6.3.1/../../../../arm-atollic-eabi/lib/armv7e-m/softfp\libc_nano.a(lib_a-init.o)
                              src\startup.o (__libc_init_array)
c:/program files (x86)/atollic/truestudio for arm 8.1.0/armtools/bin/../lib/gcc/arm-atollic-eabi/6.3.1/../../../../arm-atollic-eabi/lib/armv7e-m/softfp\libc_nano.a(lib_a-reent.o)
                              src\syscalls.o (errno)
c:/program files (x86)/atollic/truestudio for arm 8.1.0/armtools/bin/../lib/gcc/arm-atollic-eabi/6.3.1/../../../../arm-atollic-eabi/lib/armv7e-m/softfp\libc_nano.a(lib_a-snprintf.o)
                              src\main_CARME.o (snprintf)
c:/program files (x86)/atollic/truestudio for arm 8.1.0/armtools/bin/../lib/gcc/arm-atollic-eabi/6.3.1/../../../../arm-atollic-eabi/lib/armv7e-m/softfp\libc_nano.a(lib_a-strlen.o)
                              src\main_CARME.o (strlen)
c:/program files (x86)/atollic/truestudio for arm 8.1.0/armtools/bin/../lib/gcc/arm-atollic-eabi/6.3.1/../../../../arm-atollic-eabi/lib/armv7e-m/softfp\libc_nano.a(lib_a-strncpy.o)
                              src\main_CARME.o (strncpy)
c:/program files (x86)/atollic/truestudio for arm 8.1.0/armtools/bin/../lib/gcc/arm-atollic-eabi/6.3.1/../../../../arm-atollic-eabi/lib/armv7e-m/softfp\libc_nano.a(lib_a-impure.o)
                              c:/program files (x86)/atollic/truestudio for arm 8.1.0/armtools/bin/../lib/gcc/arm-atollic-eabi/6.3.1/../../../../arm-atollic-eabi/lib/armv7e-m/softfp\libc_nano.a(lib_a-reent.o) (_impure_ptr)
c:/program files (x86)/atollic/truestudio for arm 8.1.0/armtools/bin/../lib/gcc/arm-atollic-eabi/6.3.1/../../../../arm-atollic-eabi/lib/armv7e-m/softfp\libc_nano.a(lib_a-nano-freer.o)
                              c:/program files (x86)/atollic/truestudio for arm 8.1.0/armtools/bin/../lib/gcc/arm-atollic-eabi/6.3.1/../../../../arm-atollic-eabi/lib/armv7e-m/softfp\libc_nano.a(lib_a-reent.o) (_free_r)
c:/program files (x86)/atollic/truestudio for arm 8.1.0/armtools/bin/../lib/gcc/arm-atollic-eabi/6.3.1/../../../../arm-atollic-eabi/lib/armv7e-m/softfp\libc_nano.a(lib_a-nano-mallocr.o)
                              c:/program files (x86)/atollic/truestudio for arm 8.1.0/armtools/bin/../lib/gcc/arm-atollic-eabi/6.3.1/../../../../arm-atollic-eabi/lib/armv7e-m/softfp\libc_nano.a(lib_a-nano-freer.o) (__malloc_free_list)
c:/program files (x86)/atollic/truestudio for arm 8.1.0/armtools/bin/../lib/gcc/arm-atollic-eabi/6.3.1/../../../../arm-atollic-eabi/lib/armv7e-m/softfp\libc_nano.a(lib_a-nano-svfprintf.o)
                              c:/program files (x86)/atollic/truestudio for arm 8.1.0/armtools/bin/../lib/gcc/arm-atollic-eabi/6.3.1/../../../../arm-atollic-eabi/lib/armv7e-m/softfp\libc_nano.a(lib_a-snprintf.o) (_svfprintf_r)
c:/program files (x86)/atollic/truestudio for arm 8.1.0/armtools/bin/../lib/gcc/arm-atollic-eabi/6.3.1/../../../../arm-atollic-eabi/lib/armv7e-m/softfp\libc_nano.a(lib_a-nano-vfprintf_i.o)
                              c:/program files (x86)/atollic/truestudio for arm 8.1.0/armtools/bin/../lib/gcc/arm-atollic-eabi/6.3.1/../../../../arm-atollic-eabi/lib/armv7e-m/softfp\libc_nano.a(lib_a-nano-svfprintf.o) (_printf_i)
c:/program files (x86)/atollic/truestudio for arm 8.1.0/armtools/bin/../lib/gcc/arm-atollic-eabi/6.3.1/../../../../arm-atollic-eabi/lib/armv7e-m/softfp\libc_nano.a(lib_a-sbrkr.o)
                              c:/program files (x86)/atollic/truestudio for arm 8.1.0/armtools/bin/../lib/gcc/arm-atollic-eabi/6.3.1/../../../../arm-atollic-eabi/lib/armv7e-m/softfp\libc_nano.a(lib_a-nano-mallocr.o) (_sbrk_r)
c:/program files (x86)/atollic/truestudio for arm 8.1.0/armtools/bin/../lib/gcc/arm-atollic-eabi/6.3.1/../../../../arm-atollic-eabi/lib/armv7e-m/softfp\libc_nano.a(lib_a-memchr.o)
                              c:/program files (x86)/atollic/truestudio for arm 8.1.0/armtools/bin/../lib/gcc/arm-atollic-eabi/6.3.1/../../../../arm-atollic-eabi/lib/armv7e-m/softfp\libc_nano.a(lib_a-nano-svfprintf.o) (memchr)
c:/program files (x86)/atollic/truestudio for arm 8.1.0/armtools/bin/../lib/gcc/arm-atollic-eabi/6.3.1/../../../../arm-atollic-eabi/lib/armv7e-m/softfp\libc_nano.a(lib_a-memcpy-stub.o)
                              c:/program files (x86)/atollic/truestudio for arm 8.1.0/armtools/bin/../lib/gcc/arm-atollic-eabi/6.3.1/../../../../arm-atollic-eabi/lib/armv7e-m/softfp\libc_nano.a(lib_a-nano-svfprintf.o) (memcpy)
c:/program files (x86)/atollic/truestudio for arm 8.1.0/armtools/bin/../lib/gcc/arm-atollic-eabi/6.3.1/../../../../arm-atollic-eabi/lib/armv7e-m/softfp\libc_nano.a(lib_a-memmove.o)
                              c:/program files (x86)/atollic/truestudio for arm 8.1.0/armtools/bin/../lib/gcc/arm-atollic-eabi/6.3.1/../../../../arm-atollic-eabi/lib/armv7e-m/softfp\libc_nano.a(lib_a-nano-svfprintf.o) (memmove)
[...]
Memory Configuration

Name             Origin             Length             Attributes
FLASH            0x08000000         0x00100000         xr
RAM              0x20000000         0x00020000         xrw
MEMORY_B1        0x60000000         0x00000000         xr
CCMRAM           0x10000000         0x00010000         rw
*default*        0x00000000         0xffffffff

Linker script and memory map

LOAD c:/program files (x86)/atollic/truestudio for arm 8.1.0/armtools/bin/../lib/gcc/arm-atollic-eabi/6.3.1/armv7e-m/softfp/crti.o
LOAD c:/program files (x86)/atollic/truestudio for arm 8.1.0/armtools/bin/../lib/gcc/arm-atollic-eabi/6.3.1/armv7e-m/softfp/crtbegin.o
LOAD src\main_CARME.o
LOAD src\startup.o
LOAD src\stm32f4xx_it.o
LOAD src\syscalls.o
LOAD src\tiny_printf.o
                0x00000080                malloc_getpagesize_P = 0x80
START GROUP
LOAD c:/program files (x86)/atollic/truestudio for arm 8.1.0/armtools/bin/../lib/gcc/arm-atollic-eabi/6.3.1/../../../../arm-atollic-eabi/lib/armv7e-m/softfp\libc_nano.a
LOAD c:/program files (x86)/atollic/truestudio for arm 8.1.0/armtools/bin/../lib/gcc/arm-atollic-eabi/6.3.1/../../../../arm-atollic-eabi/lib/armv7e-m/softfp\libm.a
END GROUP
START GROUP
LOAD c:/program files (x86)/atollic/truestudio for arm 8.1.0/armtools/bin/../lib/gcc/arm-atollic-eabi/6.3.1/armv7e-m/softfp\libgcc.a
LOAD c:/program files (x86)/atollic/truestudio for arm 8.1.0/armtools/bin/../lib/gcc/arm-atollic-eabi/6.3.1/../../../../arm-atollic-eabi/lib/armv7e-m/softfp\libc_nano.a
END GROUP
START GROUP
LOAD c:/program files (x86)/atollic/truestudio for arm 8.1.0/armtools/bin/../lib/gcc/arm-atollic-eabi/6.3.1/armv7e-m/softfp\libgcc.a
LOAD c:/program files (x86)/atollic/truestudio for arm 8.1.0/armtools/bin/../lib/gcc/arm-atollic-eabi/6.3.1/../../../../arm-atollic-eabi/lib/armv7e-m/softfp\libc_nano.a
LOAD c:/program files (x86)/atollic/truestudio for arm 8.1.0/armtools/bin/../lib/gcc/arm-atollic-eabi/6.3.1/../../../../arm-atollic-eabi/lib/armv7e-m/softfp\libnosys.a
END GROUP
START GROUP
LOAD c:/program files (x86)/atollic/truestudio for arm 8.1.0/armtools/bin/../lib/gcc/arm-atollic-eabi/6.3.1/armv7e-m/softfp\libgcc.a
LOAD c:/program files (x86)/atollic/truestudio for arm 8.1.0/armtools/bin/../lib/gcc/arm-atollic-eabi/6.3.1/../../../../arm-atollic-eabi/lib/armv7e-m/softfp\libc_nano.a
LOAD c:/program files (x86)/atollic/truestudio for arm 8.1.0/armtools/bin/../lib/gcc/arm-atollic-eabi/6.3.1/../../../../arm-atollic-eabi/lib/armv7e-m/softfp\libnosys.a
END GROUP
LOAD c:/program files (x86)/atollic/truestudio for arm 8.1.0/armtools/bin/../lib/gcc/arm-atollic-eabi/6.3.1/armv7e-m/softfp/crtend.o
LOAD c:/program files (x86)/atollic/truestudio for arm 8.1.0/armtools/bin/../lib/gcc/arm-atollic-eabi/6.3.1/armv7e-m/softfp/crtn.o
LOAD C:\Users\jonas\Documents\BFH\Sem5\HWnSWE\GPSTest\Libraries\libBSP.a
LOAD C:\Users\jonas\Documents\BFH\Sem5\HWnSWE\GPSTest\Libraries\libsGUI.a
                0x20020000                _estack = 0x20020000
                0x00001000                _Min_Heap_Size = 0x1000
                0x00001000                _Min_Stack_Size = 0x1000

.isr_vector     0x08000000      0x188
                0x08000000                . = ALIGN (0x4)
 *(.isr_vector)
 .isr_vector    0x08000000      0x188 src\startup.o
                0x08000000                g_pfnVectors
                0x08000188                . = ALIGN (0x4)

.text           0x08000190     0x4980
                0x08000190                . = ALIGN (0x4)
 *(.text)
 .text          0x08000190       0x40 c:/program files (x86)/atollic/truestudio for arm 8.1.0/armtools/bin/../lib/gcc/arm-atollic-eabi/6.3.1/armv7e-m/softfp/crtbegin.o
 .text          0x080001d0       0x10 c:/program files (x86)/atollic/truestudio for arm 8.1.0/armtools/bin/../lib/gcc/arm-atollic-eabi/6.3.1/../../../../arm-atollic-eabi/lib/armv7e-m/softfp\libc_nano.a(lib_a-strlen.o)
                0x080001d0                strlen
 .text          0x080001e0       0xa0 c:/program files (x86)/atollic/truestudio for arm 8.1.0/armtools/bin/../lib/gcc/arm-atollic-eabi/6.3.1/../../../../arm-atollic-eabi/lib/armv7e-m/softfp\libc_nano.a(lib_a-memchr.o)
                0x080001e0                memchr
 .text          0x08000280       0x30 c:/program files (x86)/atollic/truestudio for arm 8.1.0/armtools/bin/../lib/gcc/arm-atollic-eabi/6.3.1/armv7e-m/softfp\libgcc.a(_aeabi_uldivmod.o)
                0x08000280                __aeabi_uldivmod
 .text          0x080002b0      0x2dc c:/program files (x86)/atollic/truestudio for arm 8.1.0/armtools/bin/../lib/gcc/arm-atollic-eabi/6.3.1/armv7e-m/softfp\libgcc.a(_udivmoddi4.o)
                0x080002b0                __udivmoddi4
 .text          0x0800058c        0x4 c:/program files (x86)/atollic/truestudio for arm 8.1.0/armtools/bin/../lib/gcc/arm-atollic-eabi/6.3.1/armv7e-m/softfp\libgcc.a(_dvmd_tls.o)
                0x0800058c                __aeabi_idiv0
                0x0800058c                __aeabi_ldiv0
 *(.text*)
 .text.NVIC_EnableIRQ
                0x08000590       0x34 src\main_CARME.o
 .text.NVIC_DisableIRQ
                0x080005c4       0x34 src\main_CARME.o
 .text.LCD_Init
                0x080005f8        0xc src\main_CARME.o
 .text.TimingDelay_Decrement
                0x08000604       0x24 src\main_CARME.o
                0x08000604                TimingDelay_Decrement
 .text.Init_USART1
                0x08000628       0xe0 src\main_CARME.o
                0x08000628                Init_USART1
 .text.USART1_IRQHandler
                0x08000708       0xa4 src\main_CARME.o
                0x08000708                USART1_IRQHandler
 .text.Init_I2C2
                0x080007ac       0xac src\main_CARME.o
                0x080007ac                Init_I2C2
 .text.AcceleroInit
                0x08000858       0x78 src\main_CARME.o
                0x08000858                AcceleroInit
 .text.ReadAccelero
                0x080008d0       0x70 src\main_CARME.o
                0x080008d0                ReadAccelero
 .text.Display_Accelero
                0x08000940      0x218 src\main_CARME.o
                0x08000940                Display_Accelero
 .text.GyroInit
                0x08000b58      0x1b4 src\main_CARME.o
                0x08000b58                GyroInit
 .text.ReadGyro
                0x08000d0c       0xd8 src\main_CARME.o
                0x08000d0c                ReadGyro
 .text.Display_Gyro
                0x08000de4      0x218 src\main_CARME.o
                0x08000de4                Display_Gyro
 .text.GetSegment_Length
                0x08000ffc       0xb2 src\main_CARME.o
                0x08000ffc                GetSegment_Length
 *fill*         0x080010ae        0x2 
 .text.Display_NMEA
                0x080010b0      0x5ac src\main_CARME.o
                0x080010b0                Display_NMEA
 .text.main     0x0800165c      0x104 src\main_CARME.o
                0x0800165c                main
 .text.Reset_Handler
                0x08001760       0x4c src\startup.o
                0x08001760                Reset_Handler
 .text.Default_Handler
                0x080017ac       0x74 src\startup.o
                0x080017b4                RTC_Alarm_IRQHandler
                0x080017b4                HASH_RNG_IRQHandler
                0x080017b4                EXTI2_IRQHandler
                0x080017b4                TIM8_CC_IRQHandler
                0x080017b4                TIM1_CC_IRQHandler
                0x080017b4                DMA2_Stream5_IRQHandler
                0x080017b4                DMA1_Stream5_IRQHandler
                0x080017b4                PVD_IRQHandler
                0x080017b4                SDIO_IRQHandler
                0x080017b4                TAMP_STAMP_IRQHandler
                0x080017b4                CAN2_RX1_IRQHandler
                0x080017b4                EXTI3_IRQHandler
                0x080017b4                TIM8_TRG_COM_TIM14_IRQHandler
                0x080017b4                TIM1_UP_TIM10_IRQHandler
                0x080017b4                TIM8_UP_TIM13_IRQHandler
                0x080017b4                I2C3_ER_IRQHandler
                0x080017b4                I2C2_EV_IRQHandler
                0x080017b4                DMA1_Stream2_IRQHandler
                0x080017b4                CAN1_RX0_IRQHandler
                0x080017b4                FPU_IRQHandler
                0x080017b4                OTG_HS_WKUP_IRQHandler
                0x080017b4                CAN2_SCE_IRQHandler
                0x080017b4                DMA2_Stream2_IRQHandler
                0x080017b4                SPI1_IRQHandler
                0x080017b4                TIM6_DAC_IRQHandler
                0x080017b4                TIM1_BRK_TIM9_IRQHandler
                0x080017b4                DCMI_IRQHandler
                0x080017b4                CAN2_RX0_IRQHandler
                0x080017b4                DMA2_Stream3_IRQHandler
                0x080017b4                USART6_IRQHandler
                0x080017b4                USART3_IRQHandler
                0x080017b4                CRYP_IRQHandler
                0x080017b4                CAN1_RX1_IRQHandler
                0x080017b4                UART5_IRQHandler
                0x080017b4                DMA2_Stream0_IRQHandler
                0x080017b4                vApplicationMallocFailedHook
                0x080017b4                TIM4_IRQHandler
                0x080017b4                I2C1_EV_IRQHandler
                0x080017b4                DMA1_Stream6_IRQHandler
                0x080017b4                DMA1_Stream1_IRQHandler
                0x080017b4                UART4_IRQHandler
                0x080017b4                TIM3_IRQHandler
                0x080017b4                RCC_IRQHandler
                0x080017b4                TIM8_BRK_TIM12_IRQHandler
                0x080017b4                Default_Handler
                0x080017b4                ADC_IRQHandler
                0x080017b4                DMA1_Stream7_IRQHandler
                0x080017b4                TIM7_IRQHandler
                0x080017b4                CAN2_TX_IRQHandler
                0x080017b4                TIM5_IRQHandler
                0x080017b4                DMA2_Stream7_IRQHandler
                0x080017b4                I2C3_EV_IRQHandler
                0x080017b4                vApplicationStackOverflowHook
                0x080017b4                RTC_WKUP_IRQHandler
                0x080017b4                ETH_WKUP_IRQHandler
                0x080017b4                SPI2_IRQHandler
                0x080017b4                OTG_HS_EP1_IN_IRQHandler
                0x080017b4                DMA1_Stream0_IRQHandler
                0x080017b4                CAN1_TX_IRQHandler
                0x080017b4                EXTI4_IRQHandler
                0x080017b4                FSMC_IRQHandler
                0x080017b4                ETH_IRQHandler
                0x080017b4                OTG_HS_EP1_OUT_IRQHandler
                0x080017b4                WWDG_IRQHandler
                0x080017b4                TIM2_IRQHandler
                0x080017b4                OTG_FS_WKUP_IRQHandler
                0x080017b4                TIM1_TRG_COM_TIM11_IRQHandler
                0x080017b4                OTG_HS_IRQHandler
                0x080017b4                EXTI1_IRQHandler
                0x080017b4                USART2_IRQHandler
                0x080017b4                I2C2_ER_IRQHandler
                0x080017b4                DMA2_Stream1_IRQHandler
                0x080017b4                CAN1_SCE_IRQHandler
                0x080017b4                FLASH_IRQHandler
                0x080017b4                DMA2_Stream4_IRQHandler
                0x080017b4                OTG_FS_IRQHandler
                0x080017b4                SPI3_IRQHandler
                0x080017b4                DMA1_Stream4_IRQHandler
                0x080017b4                I2C1_ER_IRQHandler
                0x080017b4                DMA2_Stream6_IRQHandler
                0x080017b4                DMA1_Stream3_IRQHandler
 .text.NMI_Handler
                0x08001820        0xe src\stm32f4xx_it.o
                0x08001820                NMI_Handler
 .text.HardFault_Handler
                0x0800182e        0xc src\stm32f4xx_it.o
                0x0800182e                HardFault_Handler
 .text.MemManage_Handler
                0x0800183a        0x6 src\stm32f4xx_it.o
                0x0800183a                MemManage_Handler
 .text.BusFault_Handler
                0x08001840        0xc src\stm32f4xx_it.o
                0x08001840                BusFault_Handler
 .text.UsageFault_Handler
                0x0800184c        0xc src\stm32f4xx_it.o
                0x0800184c                UsageFault_Handler
 .text.SVC_Handler
                0x08001858        0xe src\stm32f4xx_it.o
                0x08001858                SVC_Handler
 .text.DebugMon_Handler
                0x08001866        0xe src\stm32f4xx_it.o
                0x08001866                DebugMon_Handler
 .text.PendSV_Handler
                0x08001874        0xe src\stm32f4xx_it.o
                0x08001874                PendSV_Handler
 .text.SysTick_Handler
                0x08001882        0xc src\stm32f4xx_it.o
                0x08001882                SysTick_Handler
 .text.EXTI0_IRQHandler
                0x0800188e       0x1a src\stm32f4xx_it.o
                0x0800188e                EXTI0_IRQHandler
 .text.EXTI9_5_IRQHandler
                0x080018a8       0x34 src\stm32f4xx_it.o
                0x080018a8                EXTI9_5_IRQHandler
 .text.EXTI15_10_IRQHandler
                0x080018dc       0x34 src\stm32f4xx_it.o
                0x080018dc                EXTI15_10_IRQHandler
 .text._sbrk    0x08001910       0x68 src\syscalls.o
                0x08001910                _sbrk
 .text.__libc_init_array
                0x08001978       0x48 c:/program files (x86)/atollic/truestudio for arm 8.1.0/armtools/bin/../lib/gcc/arm-atollic-eabi/6.3.1/../../../../arm-atollic-eabi/lib/armv7e-m/softfp\libc_nano.a(lib_a-init.o)
                0x08001978                __libc_init_array
 .text.snprintf
                0x080019c0       0x68 c:/program files (x86)/atollic/truestudio for arm 8.1.0/armtools/bin/../lib/gcc/arm-atollic-eabi/6.3.1/../../../../arm-atollic-eabi/lib/armv7e-m/softfp\libc_nano.a(lib_a-snprintf.o)
                0x080019c0                sniprintf
                0x080019c0                snprintf
 .text.strncpy  0x08001a28       0x2a c:/program files (x86)/atollic/truestudio for arm 8.1.0/armtools/bin/../lib/gcc/arm-atollic-eabi/6.3.1/../../../../arm-atollic-eabi/lib/armv7e-m/softfp\libc_nano.a(lib_a-strncpy.o)
                0x08001a28                strncpy
 *fill*         0x08001a52        0x2 
 .text._free_r  0x08001a54       0x9c c:/program files (x86)/atollic/truestudio for arm 8.1.0/armtools/bin/../lib/gcc/arm-atollic-eabi/6.3.1/../../../../arm-atollic-eabi/lib/armv7e-m/softfp\libc_nano.a(lib_a-nano-freer.o)
                0x08001a54                _free_r
 .text._malloc_r
                0x08001af0       0xbc c:/program files (x86)/atollic/truestudio for arm 8.1.0/armtools/bin/../lib/gcc/arm-atollic-eabi/6.3.1/../../../../arm-atollic-eabi/lib/armv7e-m/softfp\libc_nano.a(lib_a-nano-mallocr.o)
                0x08001af0                _malloc_r
 .text.__ssputs_r
                0x08001bac       0xb6 c:/program files (x86)/atollic/truestudio for arm 8.1.0/armtools/bin/../lib/gcc/arm-atollic-eabi/6.3.1/../../../../arm-atollic-eabi/lib/armv7e-m/softfp\libc_nano.a(lib_a-nano-svfprintf.o)
                0x08001bac                __ssputs_r
 *fill*         0x08001c62        0x2 
 .text._svfprintf_r
                0x08001c64      0x1e8 c:/program files (x86)/atollic/truestudio for arm 8.1.0/armtools/bin/../lib/gcc/arm-atollic-eabi/6.3.1/../../../../arm-atollic-eabi/lib/armv7e-m/softfp\libc_nano.a(lib_a-nano-svfprintf.o)
                0x08001c64                _svfiprintf_r
                0x08001c64                _svfprintf_r
 .text._printf_common
                0x08001e4c       0xec c:/program files (x86)/atollic/truestudio for arm 8.1.0/armtools/bin/../lib/gcc/arm-atollic-eabi/6.3.1/../../../../arm-atollic-eabi/lib/armv7e-m/softfp\libc_nano.a(lib_a-nano-vfprintf_i.o)
                0x08001e4c                _printf_common
 .text._printf_i
                0x08001f38      0x240 c:/program files (x86)/atollic/truestudio for arm 8.1.0/armtools/bin/../lib/gcc/arm-atollic-eabi/6.3.1/../../../../arm-atollic-eabi/lib/armv7e-m/softfp\libc_nano.a(lib_a-nano-vfprintf_i.o)
                0x08001f38                _printf_i
 .text._sbrk_r  0x08002178       0x20 c:/program files (x86)/atollic/truestudio for arm 8.1.0/armtools/bin/../lib/gcc/arm-atollic-eabi/6.3.1/../../../../arm-atollic-eabi/lib/armv7e-m/softfp\libc_nano.a(lib_a-sbrkr.o)
                0x08002178                _sbrk_r
 .text.memcpy   0x08002198       0x16 c:/program files (x86)/atollic/truestudio for arm 8.1.0/armtools/bin/../lib/gcc/arm-atollic-eabi/6.3.1/../../../../arm-atollic-eabi/lib/armv7e-m/softfp\libc_nano.a(lib_a-memcpy-stub.o)
                0x08002198                memcpy
 .text.memmove  0x080021ae       0x34 c:/program files (x86)/atollic/truestudio for arm 8.1.0/armtools/bin/../lib/gcc/arm-atollic-eabi/6.3.1/../../../../arm-atollic-eabi/lib/armv7e-m/softfp\libc_nano.a(lib_a-memmove.o)
                0x080021ae                memmove
 .text.__malloc_lock
                0x080021e2        0x2 c:/program files (x86)/atollic/truestudio for arm 8.1.0/armtools/bin/../lib/gcc/arm-atollic-eabi/6.3.1/../../../../arm-atollic-eabi/lib/armv7e-m/softfp\libc_nano.a(lib_a-mlock.o)
                0x080021e2                __malloc_lock
 .text.__malloc_unlock
                0x080021e4        0x2 c:/program files (x86)/atollic/truestudio for arm 8.1.0/armtools/bin/../lib/gcc/arm-atollic-eabi/6.3.1/../../../../arm-atollic-eabi/lib/armv7e-m/softfp\libc_nano.a(lib_a-mlock.o)
                0x080021e4                __malloc_unlock
 .text._realloc_r
                0x080021e6       0x4c c:/program files (x86)/atollic/truestudio for arm 8.1.0/armtools/bin/../lib/gcc/arm-atollic-eabi/6.3.1/../../../../arm-atollic-eabi/lib/armv7e-m/softfp\libc_nano.a(lib_a-nano-reallocr.o)
                0x080021e6                _realloc_r
 .text._malloc_usable_size_r
                0x08002232       0x12 c:/program files (x86)/atollic/truestudio for arm 8.1.0/armtools/bin/../lib/gcc/arm-atollic-eabi/6.3.1/../../../../arm-atollic-eabi/lib/armv7e-m/softfp\libc_nano.a(lib_a-nano-msizer.o)
                0x08002232                _malloc_usable_size_r
 .text.CARME_CAN_Read_Register
                0x08002244       0x30 C:\Users\jonas\Documents\BFH\Sem5\HWnSWE\GPSTest\Libraries\libBSP.a(can.o)
 .text.CARME_CAN_Interrupt_Handler
                0x08002274       0xf8 C:\Users\jonas\Documents\BFH\Sem5\HWnSWE\GPSTest\Libraries\libBSP.a(can.o)
                0x08002274                CARME_CAN_Interrupt_Handler
 .text.CARME_Init
                0x0800236c       0xc0 C:\Users\jonas\Documents\BFH\Sem5\HWnSWE\GPSTest\Libraries\libBSP.a(carme.o)
                0x0800236c                CARME_Init
 .text.CARME_FSMC_GPIO_Init
                0x0800242c       0x54 C:\Users\jonas\Documents\BFH\Sem5\HWnSWE\GPSTest\Libraries\libBSP.a(carme.o)
 .text.CARME_FSMC_Init
                0x08002480      0x164 C:\Users\jonas\Documents\BFH\Sem5\HWnSWE\GPSTest\Libraries\libBSP.a(carme.o)
 .text.CARME_AGPIO_Init
                0x080025e4       0x24 C:\Users\jonas\Documents\BFH\Sem5\HWnSWE\GPSTest\Libraries\libBSP.a(carme.o)
 .text.CARME_GPIO_Init
                0x08002608      0x1f4 C:\Users\jonas\Documents\BFH\Sem5\HWnSWE\GPSTest\Libraries\libBSP.a(carme.o)
                0x08002608                CARME_GPIO_Init
 .text.CARME_I2C_Settings
                0x080027fc       0x7c C:\Users\jonas\Documents\BFH\Sem5\HWnSWE\GPSTest\Libraries\libBSP.a(i2c.o)
 .text.CARME_I2C_Timeout
                0x08002878       0x30 C:\Users\jonas\Documents\BFH\Sem5\HWnSWE\GPSTest\Libraries\libBSP.a(i2c.o)
 .text.CARME_I2C_Write
                0x080028a8      0x1c8 C:\Users\jonas\Documents\BFH\Sem5\HWnSWE\GPSTest\Libraries\libBSP.a(i2c.o)
                0x080028a8                CARME_I2C_Write
 .text.CARME_I2C_Read
                0x08002a70      0x2d0 C:\Users\jonas\Documents\BFH\Sem5\HWnSWE\GPSTest\Libraries\libBSP.a(i2c.o)
                0x08002a70                CARME_I2C_Read
 .text.SSD1963_WriteCommand
                0x08002d40       0x1c C:\Users\jonas\Documents\BFH\Sem5\HWnSWE\GPSTest\Libraries\libBSP.a(ssd1963.o)
 .text.SSD1963_WriteData
                0x08002d5c       0x1c C:\Users\jonas\Documents\BFH\Sem5\HWnSWE\GPSTest\Libraries\libBSP.a(ssd1963.o)
 .text.SSD1963_ReadData
                0x08002d78       0x18 C:\Users\jonas\Documents\BFH\Sem5\HWnSWE\GPSTest\Libraries\libBSP.a(ssd1963.o)
 .text.SSD1963_DisplayOn
                0x08002d90        0xc C:\Users\jonas\Documents\BFH\Sem5\HWnSWE\GPSTest\Libraries\libBSP.a(ssd1963.o)
 .text.SSD1963_Delay
                0x08002d9c       0x34 C:\Users\jonas\Documents\BFH\Sem5\HWnSWE\GPSTest\Libraries\libBSP.a(ssd1963.o)
 .text.SSD1963_Init
                0x08002dd0      0x144 C:\Users\jonas\Documents\BFH\Sem5\HWnSWE\GPSTest\Libraries\libBSP.a(ssd1963.o)
                0x08002dd0                SSD1963_Init
 .text.SSD1963_SetArea
                0x08002f14       0x80 C:\Users\jonas\Documents\BFH\Sem5\HWnSWE\GPSTest\Libraries\libBSP.a(ssd1963.o)
                0x08002f14                SSD1963_SetArea
 .text.SSD1963_FillArea
                0x08002f94       0x58 C:\Users\jonas\Documents\BFH\Sem5\HWnSWE\GPSTest\Libraries\libBSP.a(ssd1963.o)
                0x08002f94                SSD1963_FillArea
 .text.SSD1963_WriteArea
                0x08002fec       0x5c C:\Users\jonas\Documents\BFH\Sem5\HWnSWE\GPSTest\Libraries\libBSP.a(ssd1963.o)
                0x08002fec                SSD1963_WriteArea
 .text.SSD1963_GetDeviceDescriptorBlock
                0x08003048       0x38 C:\Users\jonas\Documents\BFH\Sem5\HWnSWE\GPSTest\Libraries\libBSP.a(ssd1963.o)
                0x08003048                SSD1963_GetDeviceDescriptorBlock
 .text.SSD1963_LLD_Init
                0x08003080       0x3c C:\Users\jonas\Documents\BFH\Sem5\HWnSWE\GPSTest\Libraries\libBSP.a(ssd1963_lld.o)
                0x08003080                SSD1963_LLD_Init
 .text.SystemInit
                0x080030bc       0x68 C:\Users\jonas\Documents\BFH\Sem5\HWnSWE\GPSTest\Libraries\libBSP.a(system_stm32f4xx.o)
                0x080030bc                SystemInit
 .text.SetSysClock
                0x08003124       0xf4 C:\Users\jonas\Documents\BFH\Sem5\HWnSWE\GPSTest\Libraries\libBSP.a(system_stm32f4xx.o)
 .text.NVIC_Init
                0x08003218       0xbc C:\Users\jonas\Documents\BFH\Sem5\HWnSWE\GPSTest\Libraries\libBSP.a(misc.o)
                0x08003218                NVIC_Init
 .text.EXTI_GetITStatus
                0x080032d4       0x34 C:\Users\jonas\Documents\BFH\Sem5\HWnSWE\GPSTest\Libraries\libBSP.a(stm32f4xx_exti.o)
                0x080032d4                EXTI_GetITStatus
 .text.EXTI_ClearITPendingBit
                0x08003308       0x1c C:\Users\jonas\Documents\BFH\Sem5\HWnSWE\GPSTest\Libraries\libBSP.a(stm32f4xx_exti.o)
                0x08003308                EXTI_ClearITPendingBit
 .text.FSMC_NORSRAMDeInit
                0x08003324       0x58 C:\Users\jonas\Documents\BFH\Sem5\HWnSWE\GPSTest\Libraries\libBSP.a(stm32f4xx_fsmc.o)
                0x08003324                FSMC_NORSRAMDeInit
 .text.FSMC_NORSRAMInit
                0x0800337c      0x134 C:\Users\jonas\Documents\BFH\Sem5\HWnSWE\GPSTest\Libraries\libBSP.a(stm32f4xx_fsmc.o)
                0x0800337c                FSMC_NORSRAMInit
 .text.FSMC_NORSRAMCmd
                0x080034b0       0x54 C:\Users\jonas\Documents\BFH\Sem5\HWnSWE\GPSTest\Libraries\libBSP.a(stm32f4xx_fsmc.o)
                0x080034b0                FSMC_NORSRAMCmd
 .text.GPIO_DeInit
                0x08003504      0x164 C:\Users\jonas\Documents\BFH\Sem5\HWnSWE\GPSTest\Libraries\libBSP.a(stm32f4xx_gpio.o)
                0x08003504                GPIO_DeInit
 .text.GPIO_Init
                0x08003668      0x11c C:\Users\jonas\Documents\BFH\Sem5\HWnSWE\GPSTest\Libraries\libBSP.a(stm32f4xx_gpio.o)
                0x08003668                GPIO_Init
 .text.GPIO_StructInit
                0x08003784       0x34 C:\Users\jonas\Documents\BFH\Sem5\HWnSWE\GPSTest\Libraries\libBSP.a(stm32f4xx_gpio.o)
                0x08003784                GPIO_StructInit
 .text.GPIO_WriteBit
                0x080037b8       0x30 C:\Users\jonas\Documents\BFH\Sem5\HWnSWE\GPSTest\Libraries\libBSP.a(stm32f4xx_gpio.o)
                0x080037b8                GPIO_WriteBit
 .text.GPIO_PinAFConfig
                0x080037e8       0x8c C:\Users\jonas\Documents\BFH\Sem5\HWnSWE\GPSTest\Libraries\libBSP.a(stm32f4xx_gpio.o)
                0x080037e8                GPIO_PinAFConfig
 .text.I2C_DeInit
                0x08003874       0x74 C:\Users\jonas\Documents\BFH\Sem5\HWnSWE\GPSTest\Libraries\libBSP.a(stm32f4xx_i2c.o)
                0x08003874                I2C_DeInit
 .text.I2C_Init
                0x080038e8      0x184 C:\Users\jonas\Documents\BFH\Sem5\HWnSWE\GPSTest\Libraries\libBSP.a(stm32f4xx_i2c.o)
                0x080038e8                I2C_Init
 .text.I2C_StructInit
                0x08003a6c       0x3c C:\Users\jonas\Documents\BFH\Sem5\HWnSWE\GPSTest\Libraries\libBSP.a(stm32f4xx_i2c.o)
                0x08003a6c                I2C_StructInit
 .text.I2C_Cmd  0x08003aa8       0x40 C:\Users\jonas\Documents\BFH\Sem5\HWnSWE\GPSTest\Libraries\libBSP.a(stm32f4xx_i2c.o)
                0x08003aa8                I2C_Cmd
 .text.I2C_GenerateSTART
                0x08003ae8       0x40 C:\Users\jonas\Documents\BFH\Sem5\HWnSWE\GPSTest\Libraries\libBSP.a(stm32f4xx_i2c.o)
                0x08003ae8                I2C_GenerateSTART
 .text.I2C_GenerateSTOP
                0x08003b28       0x40 C:\Users\jonas\Documents\BFH\Sem5\HWnSWE\GPSTest\Libraries\libBSP.a(stm32f4xx_i2c.o)
                0x08003b28                I2C_GenerateSTOP
 .text.I2C_Send7bitAddress
                0x08003b68       0x3c C:\Users\jonas\Documents\BFH\Sem5\HWnSWE\GPSTest\Libraries\libBSP.a(stm32f4xx_i2c.o)
                0x08003b68                I2C_Send7bitAddress
 .text.I2C_AcknowledgeConfig
                0x08003ba4       0x40 C:\Users\jonas\Documents\BFH\Sem5\HWnSWE\GPSTest\Libraries\libBSP.a(stm32f4xx_i2c.o)
                0x08003ba4                I2C_AcknowledgeConfig
 .text.I2C_SoftwareResetCmd
                0x08003be4       0x44 C:\Users\jonas\Documents\BFH\Sem5\HWnSWE\GPSTest\Libraries\libBSP.a(stm32f4xx_i2c.o)
                0x08003be4                I2C_SoftwareResetCmd
 .text.I2C_SendData
                0x08003c28       0x20 C:\Users\jonas\Documents\BFH\Sem5\HWnSWE\GPSTest\Libraries\libBSP.a(stm32f4xx_i2c.o)
                0x08003c28                I2C_SendData
 .text.I2C_ReceiveData
                0x08003c48       0x1c C:\Users\jonas\Documents\BFH\Sem5\HWnSWE\GPSTest\Libraries\libBSP.a(stm32f4xx_i2c.o)
                0x08003c48                I2C_ReceiveData
 .text.I2C_CheckEvent
                0x08003c64       0x60 C:\Users\jonas\Documents\BFH\Sem5\HWnSWE\GPSTest\Libraries\libBSP.a(stm32f4xx_i2c.o)
                0x08003c64                I2C_CheckEvent
 .text.I2C_GetFlagStatus
                0x08003cc4       0x68 C:\Users\jonas\Documents\BFH\Sem5\HWnSWE\GPSTest\Libraries\libBSP.a(stm32f4xx_i2c.o)
                0x08003cc4                I2C_GetFlagStatus
 .text.I2C_ClearFlag
                0x08003d2c       0x2c C:\Users\jonas\Documents\BFH\Sem5\HWnSWE\GPSTest\Libraries\libBSP.a(stm32f4xx_i2c.o)
                0x08003d2c                I2C_ClearFlag
 .text.RCC_GetClocksFreq
                0x08003d58      0x154 C:\Users\jonas\Documents\BFH\Sem5\HWnSWE\GPSTest\Libraries\libBSP.a(stm32f4xx_rcc.o)
                0x08003d58                RCC_GetClocksFreq
 .text.RCC_AHB1PeriphClockCmd
                0x08003eac       0x3c C:\Users\jonas\Documents\BFH\Sem5\HWnSWE\GPSTest\Libraries\libBSP.a(stm32f4xx_rcc.o)
                0x08003eac                RCC_AHB1PeriphClockCmd
 .text.RCC_AHB3PeriphClockCmd
                0x08003ee8       0x3c C:\Users\jonas\Documents\BFH\Sem5\HWnSWE\GPSTest\Libraries\libBSP.a(stm32f4xx_rcc.o)
                0x08003ee8                RCC_AHB3PeriphClockCmd
 .text.RCC_APB1PeriphClockCmd
                0x08003f24       0x3c C:\Users\jonas\Documents\BFH\Sem5\HWnSWE\GPSTest\Libraries\libBSP.a(stm32f4xx_rcc.o)
                0x08003f24                RCC_APB1PeriphClockCmd
 .text.RCC_APB2PeriphClockCmd
                0x08003f60       0x3c C:\Users\jonas\Documents\BFH\Sem5\HWnSWE\GPSTest\Libraries\libBSP.a(stm32f4xx_rcc.o)
                0x08003f60                RCC_APB2PeriphClockCmd
 .text.RCC_AHB1PeriphResetCmd
                0x08003f9c       0x3c C:\Users\jonas\Documents\BFH\Sem5\HWnSWE\GPSTest\Libraries\libBSP.a(stm32f4xx_rcc.o)
                0x08003f9c                RCC_AHB1PeriphResetCmd
 .text.RCC_APB1PeriphResetCmd
                0x08003fd8       0x3c C:\Users\jonas\Documents\BFH\Sem5\HWnSWE\GPSTest\Libraries\libBSP.a(stm32f4xx_rcc.o)
                0x08003fd8                RCC_APB1PeriphResetCmd
 .text.RCC_APB2PeriphResetCmd
                0x08004014       0x3c C:\Users\jonas\Documents\BFH\Sem5\HWnSWE\GPSTest\Libraries\libBSP.a(stm32f4xx_rcc.o)
                0x08004014                RCC_APB2PeriphResetCmd
 .text.USART_DeInit
                0x08004050      0x114 C:\Users\jonas\Documents\BFH\Sem5\HWnSWE\GPSTest\Libraries\libBSP.a(stm32f4xx_usart.o)
                0x08004050                USART_DeInit
 .text.USART_Init
                0x08004164      0x174 C:\Users\jonas\Documents\BFH\Sem5\HWnSWE\GPSTest\Libraries\libBSP.a(stm32f4xx_usart.o)
                0x08004164                USART_Init
 .text.USART_StructInit
                0x080042d8       0x38 C:\Users\jonas\Documents\BFH\Sem5\HWnSWE\GPSTest\Libraries\libBSP.a(stm32f4xx_usart.o)
                0x080042d8                USART_StructInit
 .text.USART_ClockInit
                0x08004310       0x54 C:\Users\jonas\Documents\BFH\Sem5\HWnSWE\GPSTest\Libraries\libBSP.a(stm32f4xx_usart.o)
                0x08004310                USART_ClockInit
 .text.USART_ClockStructInit
                0x08004364       0x2c C:\Users\jonas\Documents\BFH\Sem5\HWnSWE\GPSTest\Libraries\libBSP.a(stm32f4xx_usart.o)
                0x08004364                USART_ClockStructInit
 .text.USART_Cmd
                0x08004390       0x40 C:\Users\jonas\Documents\BFH\Sem5\HWnSWE\GPSTest\Libraries\libBSP.a(stm32f4xx_usart.o)
                0x08004390                USART_Cmd
 .text.USART_ITConfig
                0x080043d0       0x90 C:\Users\jonas\Documents\BFH\Sem5\HWnSWE\GPSTest\Libraries\libBSP.a(stm32f4xx_usart.o)
                0x080043d0                USART_ITConfig
 .text.USART_ClearFlag
                0x08004460       0x20 C:\Users\jonas\Documents\BFH\Sem5\HWnSWE\GPSTest\Libraries\libBSP.a(stm32f4xx_usart.o)
                0x08004460                USART_ClearFlag
 .text.USART_GetITStatus
                0x08004480       0xb0 C:\Users\jonas\Documents\BFH\Sem5\HWnSWE\GPSTest\Libraries\libBSP.a(stm32f4xx_usart.o)
                0x08004480                USART_GetITStatus
 .text.USART_ClearITPendingBit
                0x08004530       0x38 C:\Users\jonas\Documents\BFH\Sem5\HWnSWE\GPSTest\Libraries\libBSP.a(stm32f4xx_usart.o)
                0x08004530                USART_ClearITPendingBit
 .text.LCD_WriteArea
                0x08004568       0x24 C:\Users\jonas\Documents\BFH\Sem5\HWnSWE\GPSTest\Libraries\libsGUI.a(text.o)
 .text.LCD_DrawChar
                0x0800458c      0x110 C:\Users\jonas\Documents\BFH\Sem5\HWnSWE\GPSTest\Libraries\libsGUI.a(text.o)
 .text.LCD_SetTextColor
                0x0800469c       0x20 C:\Users\jonas\Documents\BFH\Sem5\HWnSWE\GPSTest\Libraries\libsGUI.a(text.o)
                0x0800469c                LCD_SetTextColor
 .text.LCD_SetFont
                0x080046bc       0x1c C:\Users\jonas\Documents\BFH\Sem5\HWnSWE\GPSTest\Libraries\libsGUI.a(text.o)
                0x080046bc                LCD_SetFont
 .text.LCD_GetFont
                0x080046d8       0x18 C:\Users\jonas\Documents\BFH\Sem5\HWnSWE\GPSTest\Libraries\libsGUI.a(text.o)
                0x080046d8                LCD_GetFont
 .text.LCD_DisplayCharXY
                0x080046f0       0x60 C:\Users\jonas\Documents\BFH\Sem5\HWnSWE\GPSTest\Libraries\libsGUI.a(text.o)
                0x080046f0                LCD_DisplayCharXY
 .text.LCD_DisplayCharLine
                0x08004750       0x48 C:\Users\jonas\Documents\BFH\Sem5\HWnSWE\GPSTest\Libraries\libsGUI.a(text.o)
                0x08004750                LCD_DisplayCharLine
 .text.LCD_DisplayStringLine
                0x08004798      0x124 C:\Users\jonas\Documents\BFH\Sem5\HWnSWE\GPSTest\Libraries\libsGUI.a(text.o)
                0x08004798                LCD_DisplayStringLine
 *(.rodata)
 .rodata        0x080048bc       0x5e src\main_CARME.o
 *fill*         0x0800491a        0x2 
 .rodata        0x0800491c      0x1a8 C:\Users\jonas\Documents\BFH\Sem5\HWnSWE\GPSTest\Libraries\libBSP.a(carme.o)
 *(.rodata*)
 .rodata._svfprintf_r.str1.1
                0x08004ac4       0x11 c:/program files (x86)/atollic/truestudio for arm 8.1.0/armtools/bin/../lib/gcc/arm-atollic-eabi/6.3.1/../../../../arm-atollic-eabi/lib/armv7e-m/softfp\libc_nano.a(lib_a-nano-svfprintf.o)
 .rodata._printf_i.str1.1
                0x08004ad5       0x22 c:/program files (x86)/atollic/truestudio for arm 8.1.0/armtools/bin/../lib/gcc/arm-atollic-eabi/6.3.1/../../../../arm-atollic-eabi/lib/armv7e-m/softfp\libc_nano.a(lib_a-nano-vfprintf_i.o)
 *(.glue_7)
 .glue_7        0x08004af7        0x0 linker stubs
 *(.glue_7t)
 .glue_7t       0x08004af7        0x0 linker stubs
 *(.eh_frame)
 *fill*         0x08004af7        0x1 
 .eh_frame      0x08004af8        0x0 c:/program files (x86)/atollic/truestudio for arm 8.1.0/armtools/bin/../lib/gcc/arm-atollic-eabi/6.3.1/armv7e-m/softfp/crtbegin.o
 *(.init)
 .init          0x08004af8        0x4 c:/program files (x86)/atollic/truestudio for arm 8.1.0/armtools/bin/../lib/gcc/arm-atollic-eabi/6.3.1/armv7e-m/softfp/crti.o
                0x08004af8                _init
 .init          0x08004afc        0x8 c:/program files (x86)/atollic/truestudio for arm 8.1.0/armtools/bin/../lib/gcc/arm-atollic-eabi/6.3.1/armv7e-m/softfp/crtn.o
 *(.fini)
 .fini          0x08004b04        0x4 c:/program files (x86)/atollic/truestudio for arm 8.1.0/armtools/bin/../lib/gcc/arm-atollic-eabi/6.3.1/armv7e-m/softfp/crti.o
                0x08004b04                _fini
 .fini          0x08004b08        0x8 c:/program files (x86)/atollic/truestudio for arm 8.1.0/armtools/bin/../lib/gcc/arm-atollic-eabi/6.3.1/armv7e-m/softfp/crtn.o
                0x08004b10                . = ALIGN (0x4)
                0x08004b10                _etext = .

.vfp11_veneer   0x08004b10        0x0
 .vfp11_veneer  0x08004b10        0x0 linker stubs

.v4_bx          0x08004b10        0x0
 .v4_bx         0x08004b10        0x0 linker stubs

.iplt           0x08004b10        0x0
 .iplt          0x08004b10        0x0 c:/program files (x86)/atollic/truestudio for arm 8.1.0/armtools/bin/../lib/gcc/arm-atollic-eabi/6.3.1/armv7e-m/softfp/crtbegin.o

.ARM.extab
 *(.ARM.extab* .gnu.linkonce.armextab.*)

.ARM            0x08004b10        0x8
                0x08004b10                __exidx_start = .
 *(.ARM.exidx*)
 .ARM.exidx     0x08004b10        0x8 c:/program files (x86)/atollic/truestudio for arm 8.1.0/armtools/bin/../lib/gcc/arm-atollic-eabi/6.3.1/armv7e-m/softfp\libgcc.a(_udivmoddi4.o)
                0x08004b18                __exidx_end = .

.rel.dyn        0x08004b18        0x0
 .rel.iplt      0x08004b18        0x0 c:/program files (x86)/atollic/truestudio for arm 8.1.0/armtools/bin/../lib/gcc/arm-atollic-eabi/6.3.1/armv7e-m/softfp/crtbegin.o

.preinit_array  0x08004b18        0x0
                0x08004b18                PROVIDE (__preinit_array_start, .)
 *(.preinit_array*)
                0x08004b18                PROVIDE (__preinit_array_end, .)

.init_array     0x08004b18        0x4
                0x08004b18                PROVIDE (__init_array_start, .)
 *(SORT(.init_array.*))
 *(.init_array*)
 .init_array    0x08004b18        0x4 c:/program files (x86)/atollic/truestudio for arm 8.1.0/armtools/bin/../lib/gcc/arm-atollic-eabi/6.3.1/armv7e-m/softfp/crtbegin.o
                0x08004b1c                PROVIDE (__init_array_end, .)

.fini_array     0x08004b1c        0x4
                [!provide]                PROVIDE (__fini_array_start, .)
 *(SORT(.fini_array.*))
 *(.fini_array*)
 .fini_array    0x08004b1c        0x4 c:/program files (x86)/atollic/truestudio for arm 8.1.0/armtools/bin/../lib/gcc/arm-atollic-eabi/6.3.1/armv7e-m/softfp/crtbegin.o
                [!provide]                PROVIDE (__fini_array_end, .)
                0x08004b20                _sidata = LOADADDR (.data)

.data           0x20000000      0x4fc load address 0x08004b20
                0x20000000                . = ALIGN (0x4)
                0x20000000                _sdata = .
 *(.data)
 *(.data*)
 .data._impure_ptr
                0x20000000        0x4 c:/program files (x86)/atollic/truestudio for arm 8.1.0/armtools/bin/../lib/gcc/arm-atollic-eabi/6.3.1/../../../../arm-atollic-eabi/lib/armv7e-m/softfp\libc_nano.a(lib_a-impure.o)
                0x20000000                _impure_ptr
 .data.impure_data
                0x20000004       0x60 c:/program files (x86)/atollic/truestudio for arm 8.1.0/armtools/bin/../lib/gcc/arm-atollic-eabi/6.3.1/../../../../arm-atollic-eabi/lib/armv7e-m/softfp\libc_nano.a(lib_a-impure.o)
 .data.SJA1000_CMD
                0x20000064        0x4 C:\Users\jonas\Documents\BFH\Sem5\HWnSWE\GPSTest\Libraries\libBSP.a(can.o)
 .data.SJA1000_DATA
                0x20000068        0x4 C:\Users\jonas\Documents\BFH\Sem5\HWnSWE\GPSTest\Libraries\libBSP.a(can.o)
 .data.CARME_AGPIO_Port_Pin
                0x2000006c       0xa0 C:\Users\jonas\Documents\BFH\Sem5\HWnSWE\GPSTest\Libraries\libBSP.a(carme.o)
 .data.LCD_Port_Pin
                0x2000010c       0x10 C:\Users\jonas\Documents\BFH\Sem5\HWnSWE\GPSTest\Libraries\libBSP.a(ssd1963_lld.o)
 .data.APBAHBPrescTable
                0x2000011c       0x10 C:\Users\jonas\Documents\BFH\Sem5\HWnSWE\GPSTest\Libraries\libBSP.a(stm32f4xx_rcc.o)
 .data.font_5x7_data
                0x2000012c      0x1dc C:\Users\jonas\Documents\BFH\Sem5\HWnSWE\GPSTest\Libraries\libsGUI.a(font.o)
 .data.font_5x7
                0x20000308        0x8 C:\Users\jonas\Documents\BFH\Sem5\HWnSWE\GPSTest\Libraries\libsGUI.a(font.o)
                0x20000308                font_5x7
 .data.font_5x8_data
                0x20000310      0x1dc C:\Users\jonas\Documents\BFH\Sem5\HWnSWE\GPSTest\Libraries\libsGUI.a(font.o)
 .data.font_5x8
                0x200004ec        0x8 C:\Users\jonas\Documents\BFH\Sem5\HWnSWE\GPSTest\Libraries\libsGUI.a(font.o)
                0x200004ec                font_5x8
 .data.TextColor
                0x200004f4        0x2 C:\Users\jonas\Documents\BFH\Sem5\HWnSWE\GPSTest\Libraries\libsGUI.a(text.o)
 *fill*         0x200004f6        0x2 
 .data.CurrentFont
                0x200004f8        0x4 C:\Users\jonas\Documents\BFH\Sem5\HWnSWE\GPSTest\Libraries\libsGUI.a(text.o)
                0x200004fc                . = ALIGN (0x4)
                0x200004fc                _edata = .
                0x0800501c                _siccmram = LOADADDR (.ccmram)

.igot.plt       0x200004fc        0x0 load address 0x0800501c
 .igot.plt      0x200004fc        0x0 c:/program files (x86)/atollic/truestudio for arm 8.1.0/armtools/bin/../lib/gcc/arm-atollic-eabi/6.3.1/armv7e-m/softfp/crtbegin.o

.ccmram         0x10000000        0x0 load address 0x0800501c
                0x10000000                . = ALIGN (0x4)
                0x10000000                _sccmram = .
 *(.ccmram)
 *(.ccmram*)
                0x10000000                . = ALIGN (0x4)
                0x10000000                _eccmram = .
                0x10000000                . = ALIGN (0x4)

.bss            0x200004fc      0x448
                0x200004fc                _sbss = .
                0x200004fc                __bss_start__ = _sbss
 *(.bss)
 .bss           0x200004fc       0x1c c:/program files (x86)/atollic/truestudio for arm 8.1.0/armtools/bin/../lib/gcc/arm-atollic-eabi/6.3.1/armv7e-m/softfp/crtbegin.o
 *(.bss*)
 .bss.TimingDelay
                0x20000518        0x4 src\main_CARME.o
 .bss.NMEA      0x2000051c      0x348 src\main_CARME.o
 .bss.NMEAStringReadyFlag
                0x20000864        0x1 src\main_CARME.o
                0x20000864                NMEAStringReadyFlag
 .bss.cnt.10673
                0x20000865        0x1 src\main_CARME.o
 .bss.NMEA_start.10675
                0x20000866        0x1 src\main_CARME.o
 *fill*         0x20000867        0x1 
 .bss.heap_end.10548
                0x20000868        0x4 src\syscalls.o
 .bss.__malloc_free_list
                0x2000086c        0x4 c:/program files (x86)/atollic/truestudio for arm 8.1.0/armtools/bin/../lib/gcc/arm-atollic-eabi/6.3.1/../../../../arm-atollic-eabi/lib/armv7e-m/softfp\libc_nano.a(lib_a-nano-mallocr.o)
                0x2000086c                __malloc_free_list
 .bss.__malloc_sbrk_start
                0x20000870        0x4 c:/program files (x86)/atollic/truestudio for arm 8.1.0/armtools/bin/../lib/gcc/arm-atollic-eabi/6.3.1/../../../../arm-atollic-eabi/lib/armv7e-m/softfp\libc_nano.a(lib_a-nano-mallocr.o)
                0x20000870                __malloc_sbrk_start
 .bss.CARME_CAN_IRQCallbacks
                0x20000874       0x20 C:\Users\jonas\Documents\BFH\Sem5\HWnSWE\GPSTest\Libraries\libBSP.a(can.o)
 .bss.I2C_InitStruct
                0x20000894       0x20 C:\Users\jonas\Documents\BFH\Sem5\HWnSWE\GPSTest\Libraries\libBSP.a(i2c.o)
 .bss.deviceDescriptorBlock
                0x200008b4        0x8 C:\Users\jonas\Documents\BFH\Sem5\HWnSWE\GPSTest\Libraries\libBSP.a(ssd1963.o)
 .bss.BackColor
                0x200008bc        0x2 C:\Users\jonas\Documents\BFH\Sem5\HWnSWE\GPSTest\Libraries\libsGUI.a(text.o)
 *(COMMON)
 *fill*         0x200008be        0x2 
 COMMON         0x200008c0       0x80 src\main_CARME.o
                0x200008c0                NMEA_string
                0x20000938                Y_RawError
                0x2000093a                err_code
                0x2000093c                X_RawError
                0x2000093e                Z_RawError
 COMMON         0x20000940        0x4 c:/program files (x86)/atollic/truestudio for arm 8.1.0/armtools/bin/../lib/gcc/arm-atollic-eabi/6.3.1/../../../../arm-atollic-eabi/lib/armv7e-m/softfp\libc_nano.a(lib_a-reent.o)
                0x20000940                errno
                0x20000944                . = ALIGN (0x4)
                0x20000944                _ebss = .
                0x20000944                __bss_end__ = _ebss

._user_heap_stack
                0x20000944     0x2000
                0x20000944                . = ALIGN (0x4)
                0x20000944                PROVIDE (end, .)
                [!provide]                PROVIDE (_end, .)
                0x20001944                . = (. + _Min_Heap_Size)
 *fill*         0x20000944     0x1000 
                0x20002944                . = (. + _Min_Stack_Size)
 *fill*         0x20001944     0x1000 
                0x20002944                . = ALIGN (0x4)

.memory_b1_text
 *(.mb1text)
 *(.mb1text*)
 *(.mb1rodata)
 *(.mb1rodata*)

/DISCARD/
 libc.a(*)
 libm.a(*)
 libgcc.a(*)

.ARM.attributes
                0x00000000       0x2c
 *(.ARM.attributes)
 .ARM.attributes
                0x00000000       0x22 c:/program files (x86)/atollic/truestudio for arm 8.1.0/armtools/bin/../lib/gcc/arm-atollic-eabi/6.3.1/armv7e-m/softfp/crti.o
 .ARM.attributes
                0x00000022       0x32 c:/program files (x86)/atollic/truestudio for arm 8.1.0/armtools/bin/../lib/gcc/arm-atollic-eabi/6.3.1/armv7e-m/softfp/crtbegin.o
 .ARM.attributes
                0x00000054       0x37 src\main_CARME.o
 .ARM.attributes
                0x0000008b       0x21 src\startup.o
 .ARM.attributes
                0x000000ac       0x37 src\stm32f4xx_it.o
 .ARM.attributes
                0x000000e3       0x37 src\syscalls.o
 .ARM.attributes
                0x0000011a       0x32 c:/program files (x86)/atollic/truestudio for arm 8.1.0/armtools/bin/../lib/gcc/arm-atollic-eabi/6.3.1/../../../../arm-atollic-eabi/lib/armv7e-m/softfp\libc_nano.a(lib_a-init.o)
 .ARM.attributes
                0x0000014c       0x32 c:/program files (x86)/atollic/truestudio for arm 8.1.0/armtools/bin/../lib/gcc/arm-atollic-eabi/6.3.1/../../../../arm-atollic-eabi/lib/armv7e-m/softfp\libc_nano.a(lib_a-reent.o)
 .ARM.attributes
                0x0000017e       0x32 c:/program files (x86)/atollic/truestudio for arm 8.1.0/armtools/bin/../lib/gcc/arm-atollic-eabi/6.3.1/../../../../arm-atollic-eabi/lib/armv7e-m/softfp\libc_nano.a(lib_a-snprintf.o)
 .ARM.attributes
                0x000001b0       0x1b c:/program files (x86)/atollic/truestudio for arm 8.1.0/armtools/bin/../lib/gcc/arm-atollic-eabi/6.3.1/../../../../arm-atollic-eabi/lib/armv7e-m/softfp\libc_nano.a(lib_a-strlen.o)
 .ARM.attributes
                0x000001cb       0x32 c:/program files (x86)/atollic/truestudio for arm 8.1.0/armtools/bin/../lib/gcc/arm-atollic-eabi/6.3.1/../../../../arm-atollic-eabi/lib/armv7e-m/softfp\libc_nano.a(lib_a-strncpy.o)
 .ARM.attributes
                0x000001fd       0x32 c:/program files (x86)/atollic/truestudio for arm 8.1.0/armtools/bin/../lib/gcc/arm-atollic-eabi/6.3.1/../../../../arm-atollic-eabi/lib/armv7e-m/softfp\libc_nano.a(lib_a-impure.o)
 .ARM.attributes
                0x0000022f       0x32 c:/program files (x86)/atollic/truestudio for arm 8.1.0/armtools/bin/../lib/gcc/arm-atollic-eabi/6.3.1/../../../../arm-atollic-eabi/lib/armv7e-m/softfp\libc_nano.a(lib_a-nano-freer.o)
 .ARM.attributes
                0x00000261       0x32 c:/program files (x86)/atollic/truestudio for arm 8.1.0/armtools/bin/../lib/gcc/arm-atollic-eabi/6.3.1/../../../../arm-atollic-eabi/lib/armv7e-m/softfp\libc_nano.a(lib_a-nano-mallocr.o)
 .ARM.attributes
                0x00000293       0x32 c:/program files (x86)/atollic/truestudio for arm 8.1.0/armtools/bin/../lib/gcc/arm-atollic-eabi/6.3.1/../../../../arm-atollic-eabi/lib/armv7e-m/softfp\libc_nano.a(lib_a-nano-svfprintf.o)
 .ARM.attributes
                0x000002c5       0x32 c:/program files (x86)/atollic/truestudio for arm 8.1.0/armtools/bin/../lib/gcc/arm-atollic-eabi/6.3.1/../../../../arm-atollic-eabi/lib/armv7e-m/softfp\libc_nano.a(lib_a-nano-vfprintf_i.o)
 .ARM.attributes
                0x000002f7       0x32 c:/program files (x86)/atollic/truestudio for arm 8.1.0/armtools/bin/../lib/gcc/arm-atollic-eabi/6.3.1/../../../../arm-atollic-eabi/lib/armv7e-m/softfp\libc_nano.a(lib_a-sbrkr.o)
 .ARM.attributes
                0x00000329       0x20 c:/program files (x86)/atollic/truestudio for arm 8.1.0/armtools/bin/../lib/gcc/arm-atollic-eabi/6.3.1/../../../../arm-atollic-eabi/lib/armv7e-m/softfp\libc_nano.a(lib_a-memchr.o)
 .ARM.attributes
                0x00000349       0x32 c:/program files (x86)/atollic/truestudio for arm 8.1.0/armtools/bin/../lib/gcc/arm-atollic-eabi/6.3.1/../../../../arm-atollic-eabi/lib/armv7e-m/softfp\libc_nano.a(lib_a-memcpy-stub.o)
 .ARM.attributes
                0x0000037b       0x32 c:/program files (x86)/atollic/truestudio for arm 8.1.0/armtools/bin/../lib/gcc/arm-atollic-eabi/6.3.1/../../../../arm-atollic-eabi/lib/armv7e-m/softfp\libc_nano.a(lib_a-memmove.o)
 .ARM.attributes
                0x000003ad       0x32 c:/program files (x86)/atollic/truestudio for arm 8.1.0/armtools/bin/../lib/gcc/arm-atollic-eabi/6.3.1/../../../../arm-atollic-eabi/lib/armv7e-m/softfp\libc_nano.a(lib_a-mlock.o)
 .ARM.attributes
                0x000003df       0x32 c:/program files (x86)/atollic/truestudio for arm 8.1.0/armtools/bin/../lib/gcc/arm-atollic-eabi/6.3.1/../../../../arm-atollic-eabi/lib/armv7e-m/softfp\libc_nano.a(lib_a-nano-reallocr.o)
 .ARM.attributes
                0x00000411       0x32 c:/program files (x86)/atollic/truestudio for arm 8.1.0/armtools/bin/../lib/gcc/arm-atollic-eabi/6.3.1/../../../../arm-atollic-eabi/lib/armv7e-m/softfp\libc_nano.a(lib_a-nano-msizer.o)
 .ARM.attributes
                0x00000443       0x22 c:/program files (x86)/atollic/truestudio for arm 8.1.0/armtools/bin/../lib/gcc/arm-atollic-eabi/6.3.1/armv7e-m/softfp\libgcc.a(_aeabi_uldivmod.o)
 .ARM.attributes
                0x00000465       0x32 c:/program files (x86)/atollic/truestudio for arm 8.1.0/armtools/bin/../lib/gcc/arm-atollic-eabi/6.3.1/armv7e-m/softfp\libgcc.a(_udivmoddi4.o)
 .ARM.attributes
                0x00000497       0x22 c:/program files (x86)/atollic/truestudio for arm 8.1.0/armtools/bin/../lib/gcc/arm-atollic-eabi/6.3.1/armv7e-m/softfp\libgcc.a(_dvmd_tls.o)
 .ARM.attributes
                0x000004b9       0x22 c:/program files (x86)/atollic/truestudio for arm 8.1.0/armtools/bin/../lib/gcc/arm-atollic-eabi/6.3.1/armv7e-m/softfp/crtn.o
 .ARM.attributes
                0x000004db       0x37 C:\Users\jonas\Documents\BFH\Sem5\HWnSWE\GPSTest\Libraries\libBSP.a(can.o)
 .ARM.attributes
                0x00000512       0x37 C:\Users\jonas\Documents\BFH\Sem5\HWnSWE\GPSTest\Libraries\libBSP.a(carme.o)
 .ARM.attributes
                0x00000549       0x37 C:\Users\jonas\Documents\BFH\Sem5\HWnSWE\GPSTest\Libraries\libBSP.a(i2c.o)
 .ARM.attributes
                0x00000580       0x37 C:\Users\jonas\Documents\BFH\Sem5\HWnSWE\GPSTest\Libraries\libBSP.a(ssd1963.o)
 .ARM.attributes
                0x000005b7       0x37 C:\Users\jonas\Documents\BFH\Sem5\HWnSWE\GPSTest\Libraries\libBSP.a(ssd1963_lld.o)
 .ARM.attributes
                0x000005ee       0x37 C:\Users\jonas\Documents\BFH\Sem5\HWnSWE\GPSTest\Libraries\libBSP.a(system_stm32f4xx.o)
 .ARM.attributes
                0x00000625       0x37 C:\Users\jonas\Documents\BFH\Sem5\HWnSWE\GPSTest\Libraries\libBSP.a(misc.o)
 .ARM.attributes
                0x0000065c       0x37 C:\Users\jonas\Documents\BFH\Sem5\HWnSWE\GPSTest\Libraries\libBSP.a(stm32f4xx_exti.o)
 .ARM.attributes
                0x00000693       0x37 C:\Users\jonas\Documents\BFH\Sem5\HWnSWE\GPSTest\Libraries\libBSP.a(stm32f4xx_fsmc.o)
 .ARM.attributes
                0x000006ca       0x37 C:\Users\jonas\Documents\BFH\Sem5\HWnSWE\GPSTest\Libraries\libBSP.a(stm32f4xx_gpio.o)
 .ARM.attributes
                0x00000701       0x37 C:\Users\jonas\Documents\BFH\Sem5\HWnSWE\GPSTest\Libraries\libBSP.a(stm32f4xx_i2c.o)
 .ARM.attributes
                0x00000738       0x37 C:\Users\jonas\Documents\BFH\Sem5\HWnSWE\GPSTest\Libraries\libBSP.a(stm32f4xx_rcc.o)
 .ARM.attributes
                0x0000076f       0x37 C:\Users\jonas\Documents\BFH\Sem5\HWnSWE\GPSTest\Libraries\libBSP.a(stm32f4xx_usart.o)
 .ARM.attributes
                0x000007a6       0x37 C:\Users\jonas\Documents\BFH\Sem5\HWnSWE\GPSTest\Libraries\libsGUI.a(font.o)
 .ARM.attributes
                0x000007dd       0x37 C:\Users\jonas\Documents\BFH\Sem5\HWnSWE\GPSTest\Libraries\libsGUI.a(text.o)
OUTPUT(GPSTest.elf elf32-littlearm)

.debug_info     0x00000000     0x958f
 .debug_info    0x00000000     0x1993 src\main_CARME.o
 .debug_info    0x00001993       0x6d src\startup.o
 .debug_info    0x00001a00      0x250 src\stm32f4xx_it.o
 .debug_info    0x00001c50     0x109b src\syscalls.o
 .debug_info    0x00002ceb      0xae4 C:\Users\jonas\Documents\BFH\Sem5\HWnSWE\GPSTest\Libraries\libBSP.a(can.o)
 .debug_info    0x000037cf      0x695 C:\Users\jonas\Documents\BFH\Sem5\HWnSWE\GPSTest\Libraries\libBSP.a(carme.o)
 .debug_info    0x00003e64      0x66c C:\Users\jonas\Documents\BFH\Sem5\HWnSWE\GPSTest\Libraries\libBSP.a(i2c.o)
 .debug_info    0x000044d0      0x3d7 C:\Users\jonas\Documents\BFH\Sem5\HWnSWE\GPSTest\Libraries\libBSP.a(ssd1963.o)
 .debug_info    0x000048a7      0x314 C:\Users\jonas\Documents\BFH\Sem5\HWnSWE\GPSTest\Libraries\libBSP.a(ssd1963_lld.o)
 .debug_info    0x00004bbb      0x5c0 C:\Users\jonas\Documents\BFH\Sem5\HWnSWE\GPSTest\Libraries\libBSP.a(system_stm32f4xx.o)
 .debug_info    0x0000517b      0x541 C:\Users\jonas\Documents\BFH\Sem5\HWnSWE\GPSTest\Libraries\libBSP.a(misc.o)
 .debug_info    0x000056bc      0x33c C:\Users\jonas\Documents\BFH\Sem5\HWnSWE\GPSTest\Libraries\libBSP.a(stm32f4xx_exti.o)
 .debug_info    0x000059f8      0x8f9 C:\Users\jonas\Documents\BFH\Sem5\HWnSWE\GPSTest\Libraries\libBSP.a(stm32f4xx_fsmc.o)
 .debug_info    0x000062f1      0x609 C:\Users\jonas\Documents\BFH\Sem5\HWnSWE\GPSTest\Libraries\libBSP.a(stm32f4xx_gpio.o)
 .debug_info    0x000068fa      0xb8b C:\Users\jonas\Documents\BFH\Sem5\HWnSWE\GPSTest\Libraries\libBSP.a(stm32f4xx_i2c.o)
 .debug_info    0x00007485      0xe06 C:\Users\jonas\Documents\BFH\Sem5\HWnSWE\GPSTest\Libraries\libBSP.a(stm32f4xx_rcc.o)
 .debug_info    0x0000828b      0x9c6 C:\Users\jonas\Documents\BFH\Sem5\HWnSWE\GPSTest\Libraries\libBSP.a(stm32f4xx_usart.o)
 .debug_info    0x00008c51      0x491 C:\Users\jonas\Documents\BFH\Sem5\HWnSWE\GPSTest\Libraries\libsGUI.a(font.o)
 .debug_info    0x000090e2      0x4ad C:\Users\jonas\Documents\BFH\Sem5\HWnSWE\GPSTest\Libraries\libsGUI.a(text.o)

.debug_abbrev   0x00000000     0x1dc9
 .debug_abbrev  0x00000000      0x355 src\main_CARME.o
 .debug_abbrev  0x00000355       0x12 src\startup.o
 .debug_abbrev  0x00000367      0x117 src\stm32f4xx_it.o
 .debug_abbrev  0x0000047e      0x28e src\syscalls.o
 .debug_abbrev  0x0000070c      0x25e C:\Users\jonas\Documents\BFH\Sem5\HWnSWE\GPSTest\Libraries\libBSP.a(can.o)
 .debug_abbrev  0x0000096a      0x1c0 C:\Users\jonas\Documents\BFH\Sem5\HWnSWE\GPSTest\Libraries\libBSP.a(carme.o)
 .debug_abbrev  0x00000b2a      0x1f5 C:\Users\jonas\Documents\BFH\Sem5\HWnSWE\GPSTest\Libraries\libBSP.a(i2c.o)
 .debug_abbrev  0x00000d1f      0x19f C:\Users\jonas\Documents\BFH\Sem5\HWnSWE\GPSTest\Libraries\libBSP.a(ssd1963.o)
 .debug_abbrev  0x00000ebe      0x10c C:\Users\jonas\Documents\BFH\Sem5\HWnSWE\GPSTest\Libraries\libBSP.a(ssd1963_lld.o)
 .debug_abbrev  0x00000fca      0x138 C:\Users\jonas\Documents\BFH\Sem5\HWnSWE\GPSTest\Libraries\libBSP.a(system_stm32f4xx.o)
 .debug_abbrev  0x00001102      0x147 C:\Users\jonas\Documents\BFH\Sem5\HWnSWE\GPSTest\Libraries\libBSP.a(misc.o)
 .debug_abbrev  0x00001249      0x1a7 C:\Users\jonas\Documents\BFH\Sem5\HWnSWE\GPSTest\Libraries\libBSP.a(stm32f4xx_exti.o)
 .debug_abbrev  0x000013f0      0x172 C:\Users\jonas\Documents\BFH\Sem5\HWnSWE\GPSTest\Libraries\libBSP.a(stm32f4xx_fsmc.o)
 .debug_abbrev  0x00001562      0x1a5 C:\Users\jonas\Documents\BFH\Sem5\HWnSWE\GPSTest\Libraries\libBSP.a(stm32f4xx_gpio.o)
 .debug_abbrev  0x00001707      0x166 C:\Users\jonas\Documents\BFH\Sem5\HWnSWE\GPSTest\Libraries\libBSP.a(stm32f4xx_i2c.o)
 .debug_abbrev  0x0000186d      0x1bc C:\Users\jonas\Documents\BFH\Sem5\HWnSWE\GPSTest\Libraries\libBSP.a(stm32f4xx_rcc.o)
 .debug_abbrev  0x00001a29      0x157 C:\Users\jonas\Documents\BFH\Sem5\HWnSWE\GPSTest\Libraries\libBSP.a(stm32f4xx_usart.o)
 .debug_abbrev  0x00001b80       0xaa C:\Users\jonas\Documents\BFH\Sem5\HWnSWE\GPSTest\Libraries\libsGUI.a(font.o)
 .debug_abbrev  0x00001c2a      0x19f C:\Users\jonas\Documents\BFH\Sem5\HWnSWE\GPSTest\Libraries\libsGUI.a(text.o)

.debug_aranges  0x00000000      0xa68
 .debug_aranges
                0x00000000       0xa0 src\main_CARME.o
 .debug_aranges
                0x000000a0       0x28 src\startup.o
 .debug_aranges
                0x000000c8       0x88 src\stm32f4xx_it.o
 .debug_aranges
                0x00000150       0xb0 src\syscalls.o
 .debug_aranges
                0x00000200       0x90 C:\Users\jonas\Documents\BFH\Sem5\HWnSWE\GPSTest\Libraries\libBSP.a(can.o)
 .debug_aranges
                0x00000290       0x78 C:\Users\jonas\Documents\BFH\Sem5\HWnSWE\GPSTest\Libraries\libBSP.a(carme.o)
 .debug_aranges
                0x00000308       0x40 C:\Users\jonas\Documents\BFH\Sem5\HWnSWE\GPSTest\Libraries\libBSP.a(i2c.o)
 .debug_aranges
                0x00000348       0x80 C:\Users\jonas\Documents\BFH\Sem5\HWnSWE\GPSTest\Libraries\libBSP.a(ssd1963.o)
 .debug_aranges
                0x000003c8       0x20 C:\Users\jonas\Documents\BFH\Sem5\HWnSWE\GPSTest\Libraries\libBSP.a(ssd1963_lld.o)
 .debug_aranges
                0x000003e8       0x30 C:\Users\jonas\Documents\BFH\Sem5\HWnSWE\GPSTest\Libraries\libBSP.a(system_stm32f4xx.o)
 .debug_aranges
                0x00000418       0x40 C:\Users\jonas\Documents\BFH\Sem5\HWnSWE\GPSTest\Libraries\libBSP.a(misc.o)
 .debug_aranges
                0x00000458       0x58 C:\Users\jonas\Documents\BFH\Sem5\HWnSWE\GPSTest\Libraries\libBSP.a(stm32f4xx_exti.o)
 .debug_aranges
                0x000004b0       0xb0 C:\Users\jonas\Documents\BFH\Sem5\HWnSWE\GPSTest\Libraries\libBSP.a(stm32f4xx_fsmc.o)
 .debug_aranges
                0x00000560       0x88 C:\Users\jonas\Documents\BFH\Sem5\HWnSWE\GPSTest\Libraries\libBSP.a(stm32f4xx_gpio.o)
 .debug_aranges
                0x000005e8      0x130 C:\Users\jonas\Documents\BFH\Sem5\HWnSWE\GPSTest\Libraries\libBSP.a(stm32f4xx_i2c.o)
 .debug_aranges
                0x00000718      0x1b8 C:\Users\jonas\Documents\BFH\Sem5\HWnSWE\GPSTest\Libraries\libBSP.a(stm32f4xx_rcc.o)
 .debug_aranges
                0x000008d0      0x100 C:\Users\jonas\Documents\BFH\Sem5\HWnSWE\GPSTest\Libraries\libBSP.a(stm32f4xx_usart.o)
 .debug_aranges
                0x000009d0       0x18 C:\Users\jonas\Documents\BFH\Sem5\HWnSWE\GPSTest\Libraries\libsGUI.a(font.o)
 .debug_aranges
                0x000009e8       0x80 C:\Users\jonas\Documents\BFH\Sem5\HWnSWE\GPSTest\Libraries\libsGUI.a(text.o)

.debug_ranges   0x00000000      0x950
 .debug_ranges  0x00000000       0xa8 src\main_CARME.o
 .debug_ranges  0x000000a8       0x20 src\startup.o
 .debug_ranges  0x000000c8       0x78 src\stm32f4xx_it.o
 .debug_ranges  0x00000140       0xa0 src\syscalls.o
 .debug_ranges  0x000001e0       0x80 C:\Users\jonas\Documents\BFH\Sem5\HWnSWE\GPSTest\Libraries\libBSP.a(can.o)
 .debug_ranges  0x00000260       0x68 C:\Users\jonas\Documents\BFH\Sem5\HWnSWE\GPSTest\Libraries\libBSP.a(carme.o)
 .debug_ranges  0x000002c8       0x30 C:\Users\jonas\Documents\BFH\Sem5\HWnSWE\GPSTest\Libraries\libBSP.a(i2c.o)
 .debug_ranges  0x000002f8       0x70 C:\Users\jonas\Documents\BFH\Sem5\HWnSWE\GPSTest\Libraries\libBSP.a(ssd1963.o)
 .debug_ranges  0x00000368       0x10 C:\Users\jonas\Documents\BFH\Sem5\HWnSWE\GPSTest\Libraries\libBSP.a(ssd1963_lld.o)
 .debug_ranges  0x00000378       0x20 C:\Users\jonas\Documents\BFH\Sem5\HWnSWE\GPSTest\Libraries\libBSP.a(system_stm32f4xx.o)
 .debug_ranges  0x00000398       0x30 C:\Users\jonas\Documents\BFH\Sem5\HWnSWE\GPSTest\Libraries\libBSP.a(misc.o)
 .debug_ranges  0x000003c8       0x48 C:\Users\jonas\Documents\BFH\Sem5\HWnSWE\GPSTest\Libraries\libBSP.a(stm32f4xx_exti.o)
 .debug_ranges  0x00000410       0xa0 C:\Users\jonas\Documents\BFH\Sem5\HWnSWE\GPSTest\Libraries\libBSP.a(stm32f4xx_fsmc.o)
 .debug_ranges  0x000004b0       0x78 C:\Users\jonas\Documents\BFH\Sem5\HWnSWE\GPSTest\Libraries\libBSP.a(stm32f4xx_gpio.o)
 .debug_ranges  0x00000528      0x120 C:\Users\jonas\Documents\BFH\Sem5\HWnSWE\GPSTest\Libraries\libBSP.a(stm32f4xx_i2c.o)
 .debug_ranges  0x00000648      0x1a8 C:\Users\jonas\Documents\BFH\Sem5\HWnSWE\GPSTest\Libraries\libBSP.a(stm32f4xx_rcc.o)
 .debug_ranges  0x000007f0       0xf0 C:\Users\jonas\Documents\BFH\Sem5\HWnSWE\GPSTest\Libraries\libBSP.a(stm32f4xx_usart.o)
 .debug_ranges  0x000008e0       0x70 C:\Users\jonas\Documents\BFH\Sem5\HWnSWE\GPSTest\Libraries\libsGUI.a(text.o)

.debug_line     0x00000000     0x35af
 .debug_line    0x00000000      0x695 src\main_CARME.o
 .debug_line    0x00000695       0x99 src\startup.o
 .debug_line    0x0000072e      0x281 src\stm32f4xx_it.o
 .debug_line    0x000009af      0x43d src\syscalls.o
 .debug_line    0x00000dec      0x35f C:\Users\jonas\Documents\BFH\Sem5\HWnSWE\GPSTest\Libraries\libBSP.a(can.o)
 .debug_line    0x0000114b      0x458 C:\Users\jonas\Documents\BFH\Sem5\HWnSWE\GPSTest\Libraries\libBSP.a(carme.o)
 .debug_line    0x000015a3      0x276 C:\Users\jonas\Documents\BFH\Sem5\HWnSWE\GPSTest\Libraries\libBSP.a(i2c.o)
 .debug_line    0x00001819      0x23f C:\Users\jonas\Documents\BFH\Sem5\HWnSWE\GPSTest\Libraries\libBSP.a(ssd1963.o)
 .debug_line    0x00001a58      0x130 C:\Users\jonas\Documents\BFH\Sem5\HWnSWE\GPSTest\Libraries\libBSP.a(ssd1963_lld.o)
 .debug_line    0x00001b88      0x160 C:\Users\jonas\Documents\BFH\Sem5\HWnSWE\GPSTest\Libraries\libBSP.a(system_stm32f4xx.o)
 .debug_line    0x00001ce8      0x15c C:\Users\jonas\Documents\BFH\Sem5\HWnSWE\GPSTest\Libraries\libBSP.a(misc.o)
 .debug_line    0x00001e44      0x1b3 C:\Users\jonas\Documents\BFH\Sem5\HWnSWE\GPSTest\Libraries\libBSP.a(stm32f4xx_exti.o)
 .debug_line    0x00001ff7      0x36b C:\Users\jonas\Documents\BFH\Sem5\HWnSWE\GPSTest\Libraries\libBSP.a(stm32f4xx_fsmc.o)
 .debug_line    0x00002362      0x25c C:\Users\jonas\Documents\BFH\Sem5\HWnSWE\GPSTest\Libraries\libBSP.a(stm32f4xx_gpio.o)
 .debug_line    0x000025be      0x41c C:\Users\jonas\Documents\BFH\Sem5\HWnSWE\GPSTest\Libraries\libBSP.a(stm32f4xx_i2c.o)
 .debug_line    0x000029da      0x558 C:\Users\jonas\Documents\BFH\Sem5\HWnSWE\GPSTest\Libraries\libBSP.a(stm32f4xx_rcc.o)
 .debug_line    0x00002f32      0x3bf C:\Users\jonas\Documents\BFH\Sem5\HWnSWE\GPSTest\Libraries\libBSP.a(stm32f4xx_usart.o)
 .debug_line    0x000032f1       0x8b C:\Users\jonas\Documents\BFH\Sem5\HWnSWE\GPSTest\Libraries\libsGUI.a(font.o)
 .debug_line    0x0000337c      0x233 C:\Users\jonas\Documents\BFH\Sem5\HWnSWE\GPSTest\Libraries\libsGUI.a(text.o)

.debug_str      0x00000000     0x37be
 .debug_str     0x00000000     0x11b0 src\main_CARME.o
                               0x1299 (size before relaxing)
 .debug_str     0x000011b0      0x139 src\stm32f4xx_it.o
                                0x328 (size before relaxing)
 .debug_str     0x000012e9      0x230 src\syscalls.o
                                0x91a (size before relaxing)
 .debug_str     0x00001519      0x50b C:\Users\jonas\Documents\BFH\Sem5\HWnSWE\GPSTest\Libraries\libBSP.a(can.o)
                                0xdb9 (size before relaxing)
 .debug_str     0x00001a24      0x39b C:\Users\jonas\Documents\BFH\Sem5\HWnSWE\GPSTest\Libraries\libBSP.a(carme.o)
                                0x71c (size before relaxing)
 .debug_str     0x00001dbf       0x90 C:\Users\jonas\Documents\BFH\Sem5\HWnSWE\GPSTest\Libraries\libBSP.a(i2c.o)
                                0x533 (size before relaxing)
 .debug_str     0x00001e4f      0x136 C:\Users\jonas\Documents\BFH\Sem5\HWnSWE\GPSTest\Libraries\libBSP.a(ssd1963.o)
                                0x31a (size before relaxing)
 .debug_str     0x00001f85       0x30 C:\Users\jonas\Documents\BFH\Sem5\HWnSWE\GPSTest\Libraries\libBSP.a(ssd1963_lld.o)
                                0x3b2 (size before relaxing)
 .debug_str     0x00001fb5      0x1bf C:\Users\jonas\Documents\BFH\Sem5\HWnSWE\GPSTest\Libraries\libBSP.a(system_stm32f4xx.o)
                                0x3f2 (size before relaxing)
 .debug_str     0x00002174      0x120 C:\Users\jonas\Documents\BFH\Sem5\HWnSWE\GPSTest\Libraries\libBSP.a(misc.o)
                                0x401 (size before relaxing)
 .debug_str     0x00002294       0xc5 C:\Users\jonas\Documents\BFH\Sem5\HWnSWE\GPSTest\Libraries\libBSP.a(stm32f4xx_exti.o)
                                0x37f (size before relaxing)
 .debug_str     0x00002359      0x3ac C:\Users\jonas\Documents\BFH\Sem5\HWnSWE\GPSTest\Libraries\libBSP.a(stm32f4xx_fsmc.o)
                                0x7bd (size before relaxing)
 .debug_str     0x00002705      0x123 C:\Users\jonas\Documents\BFH\Sem5\HWnSWE\GPSTest\Libraries\libBSP.a(stm32f4xx_gpio.o)
                                0x4d3 (size before relaxing)
 .debug_str     0x00002828      0x3ac C:\Users\jonas\Documents\BFH\Sem5\HWnSWE\GPSTest\Libraries\libBSP.a(stm32f4xx_i2c.o)
                                0x6e5 (size before relaxing)
 .debug_str     0x00002bd4      0x5fa C:\Users\jonas\Documents\BFH\Sem5\HWnSWE\GPSTest\Libraries\libBSP.a(stm32f4xx_rcc.o)
                                0x9c8 (size before relaxing)
 .debug_str     0x000031ce      0x335 C:\Users\jonas\Documents\BFH\Sem5\HWnSWE\GPSTest\Libraries\libBSP.a(stm32f4xx_usart.o)
                                0x6c2 (size before relaxing)
 .debug_str     0x00003503      0x18b C:\Users\jonas\Documents\BFH\Sem5\HWnSWE\GPSTest\Libraries\libsGUI.a(font.o)
                                0x403 (size before relaxing)
 .debug_str     0x0000368e      0x130 C:\Users\jonas\Documents\BFH\Sem5\HWnSWE\GPSTest\Libraries\libsGUI.a(text.o)
                                0x352 (size before relaxing)

.comment        0x00000000       0xa9
 .comment       0x00000000       0x7c src\main_CARME.o
                                 0x7d (size before relaxing)
 .comment       0x0000007c       0x7d src\stm32f4xx_it.o
 .comment       0x0000007c       0x7d src\syscalls.o
 .comment       0x0000007c       0x2d C:\Users\jonas\Documents\BFH\Sem5\HWnSWE\GPSTest\Libraries\libBSP.a(can.o)
                                 0x2e (size before relaxing)
 .comment       0x000000a9       0x2e C:\Users\jonas\Documents\BFH\Sem5\HWnSWE\GPSTest\Libraries\libBSP.a(carme.o)
 .comment       0x000000a9       0x2e C:\Users\jonas\Documents\BFH\Sem5\HWnSWE\GPSTest\Libraries\libBSP.a(i2c.o)
 .comment       0x000000a9       0x2e C:\Users\jonas\Documents\BFH\Sem5\HWnSWE\GPSTest\Libraries\libBSP.a(ssd1963.o)
 .comment       0x000000a9       0x2e C:\Users\jonas\Documents\BFH\Sem5\HWnSWE\GPSTest\Libraries\libBSP.a(ssd1963_lld.o)
 .comment       0x000000a9       0x2e C:\Users\jonas\Documents\BFH\Sem5\HWnSWE\GPSTest\Libraries\libBSP.a(system_stm32f4xx.o)
 .comment       0x000000a9       0x2e C:\Users\jonas\Documents\BFH\Sem5\HWnSWE\GPSTest\Libraries\libBSP.a(misc.o)
 .comment       0x000000a9       0x2e C:\Users\jonas\Documents\BFH\Sem5\HWnSWE\GPSTest\Libraries\libBSP.a(stm32f4xx_exti.o)
 .comment       0x000000a9       0x2e C:\Users\jonas\Documents\BFH\Sem5\HWnSWE\GPSTest\Libraries\libBSP.a(stm32f4xx_fsmc.o)
 .comment       0x000000a9       0x2e C:\Users\jonas\Documents\BFH\Sem5\HWnSWE\GPSTest\Libraries\libBSP.a(stm32f4xx_gpio.o)
 .comment       0x000000a9       0x2e C:\Users\jonas\Documents\BFH\Sem5\HWnSWE\GPSTest\Libraries\libBSP.a(stm32f4xx_i2c.o)
 .comment       0x000000a9       0x2e C:\Users\jonas\Documents\BFH\Sem5\HWnSWE\GPSTest\Libraries\libBSP.a(stm32f4xx_rcc.o)
 .comment       0x000000a9       0x2e C:\Users\jonas\Documents\BFH\Sem5\HWnSWE\GPSTest\Libraries\libBSP.a(stm32f4xx_usart.o)
 .comment       0x000000a9       0x2e C:\Users\jonas\Documents\BFH\Sem5\HWnSWE\GPSTest\Libraries\libsGUI.a(font.o)
 .comment       0x000000a9       0x2e C:\Users\jonas\Documents\BFH\Sem5\HWnSWE\GPSTest\Libraries\libsGUI.a(text.o)

.debug_frame    0x00000000     0x2534
 .debug_frame   0x00000000      0x29c src\main_CARME.o
 .debug_frame   0x0000029c      0x1bc src\stm32f4xx_it.o
 .debug_frame   0x00000458      0x2ec src\syscalls.o
 .debug_frame   0x00000744       0x2c c:/program files (x86)/atollic/truestudio for arm 8.1.0/armtools/bin/../lib/gcc/arm-atollic-eabi/6.3.1/../../../../arm-atollic-eabi/lib/armv7e-m/softfp\libc_nano.a(lib_a-init.o)
 .debug_frame   0x00000770       0x5c c:/program files (x86)/atollic/truestudio for arm 8.1.0/armtools/bin/../lib/gcc/arm-atollic-eabi/6.3.1/../../../../arm-atollic-eabi/lib/armv7e-m/softfp\libc_nano.a(lib_a-reent.o)
 .debug_frame   0x000007cc       0x7c c:/program files (x86)/atollic/truestudio for arm 8.1.0/armtools/bin/../lib/gcc/arm-atollic-eabi/6.3.1/../../../../arm-atollic-eabi/lib/armv7e-m/softfp\libc_nano.a(lib_a-snprintf.o)
 .debug_frame   0x00000848       0x2c c:/program files (x86)/atollic/truestudio for arm 8.1.0/armtools/bin/../lib/gcc/arm-atollic-eabi/6.3.1/../../../../arm-atollic-eabi/lib/armv7e-m/softfp\libc_nano.a(lib_a-strncpy.o)
 .debug_frame   0x00000874       0x38 c:/program files (x86)/atollic/truestudio for arm 8.1.0/armtools/bin/../lib/gcc/arm-atollic-eabi/6.3.1/../../../../arm-atollic-eabi/lib/armv7e-m/softfp\libc_nano.a(lib_a-nano-freer.o)
 .debug_frame   0x000008ac       0x2c c:/program files (x86)/atollic/truestudio for arm 8.1.0/armtools/bin/../lib/gcc/arm-atollic-eabi/6.3.1/../../../../arm-atollic-eabi/lib/armv7e-m/softfp\libc_nano.a(lib_a-nano-mallocr.o)
 .debug_frame   0x000008d8       0x90 c:/program files (x86)/atollic/truestudio for arm 8.1.0/armtools/bin/../lib/gcc/arm-atollic-eabi/6.3.1/../../../../arm-atollic-eabi/lib/armv7e-m/softfp\libc_nano.a(lib_a-nano-svfprintf.o)
 .debug_frame   0x00000968       0x60 c:/program files (x86)/atollic/truestudio for arm 8.1.0/armtools/bin/../lib/gcc/arm-atollic-eabi/6.3.1/../../../../arm-atollic-eabi/lib/armv7e-m/softfp\libc_nano.a(lib_a-nano-vfprintf_i.o)
 .debug_frame   0x000009c8       0x2c c:/program files (x86)/atollic/truestudio for arm 8.1.0/armtools/bin/../lib/gcc/arm-atollic-eabi/6.3.1/../../../../arm-atollic-eabi/lib/armv7e-m/softfp\libc_nano.a(lib_a-sbrkr.o)
 .debug_frame   0x000009f4       0x28 c:/program files (x86)/atollic/truestudio for arm 8.1.0/armtools/bin/../lib/gcc/arm-atollic-eabi/6.3.1/../../../../arm-atollic-eabi/lib/armv7e-m/softfp\libc_nano.a(lib_a-memcpy-stub.o)
 .debug_frame   0x00000a1c       0x28 c:/program files (x86)/atollic/truestudio for arm 8.1.0/armtools/bin/../lib/gcc/arm-atollic-eabi/6.3.1/../../../../arm-atollic-eabi/lib/armv7e-m/softfp\libc_nano.a(lib_a-memmove.o)
 .debug_frame   0x00000a44       0x30 c:/program files (x86)/atollic/truestudio for arm 8.1.0/armtools/bin/../lib/gcc/arm-atollic-eabi/6.3.1/../../../../arm-atollic-eabi/lib/armv7e-m/softfp\libc_nano.a(lib_a-mlock.o)
 .debug_frame   0x00000a74       0x3c c:/program files (x86)/atollic/truestudio for arm 8.1.0/armtools/bin/../lib/gcc/arm-atollic-eabi/6.3.1/../../../../arm-atollic-eabi/lib/armv7e-m/softfp\libc_nano.a(lib_a-nano-reallocr.o)
 .debug_frame   0x00000ab0       0x20 c:/program files (x86)/atollic/truestudio for arm 8.1.0/armtools/bin/../lib/gcc/arm-atollic-eabi/6.3.1/../../../../arm-atollic-eabi/lib/armv7e-m/softfp\libc_nano.a(lib_a-nano-msizer.o)
 .debug_frame   0x00000ad0       0x2c c:/program files (x86)/atollic/truestudio for arm 8.1.0/armtools/bin/../lib/gcc/arm-atollic-eabi/6.3.1/armv7e-m/softfp\libgcc.a(_aeabi_uldivmod.o)
 .debug_frame   0x00000afc       0x34 c:/program files (x86)/atollic/truestudio for arm 8.1.0/armtools/bin/../lib/gcc/arm-atollic-eabi/6.3.1/armv7e-m/softfp\libgcc.a(_udivmoddi4.o)
 .debug_frame   0x00000b30      0x1e0 C:\Users\jonas\Documents\BFH\Sem5\HWnSWE\GPSTest\Libraries\libBSP.a(can.o)
 .debug_frame   0x00000d10      0x178 C:\Users\jonas\Documents\BFH\Sem5\HWnSWE\GPSTest\Libraries\libBSP.a(carme.o)
 .debug_frame   0x00000e88       0xb0 C:\Users\jonas\Documents\BFH\Sem5\HWnSWE\GPSTest\Libraries\libBSP.a(i2c.o)
 .debug_frame   0x00000f38      0x198 C:\Users\jonas\Documents\BFH\Sem5\HWnSWE\GPSTest\Libraries\libBSP.a(ssd1963.o)
 .debug_frame   0x000010d0       0x30 C:\Users\jonas\Documents\BFH\Sem5\HWnSWE\GPSTest\Libraries\libBSP.a(ssd1963_lld.o)
 .debug_frame   0x00001100       0x64 C:\Users\jonas\Documents\BFH\Sem5\HWnSWE\GPSTest\Libraries\libBSP.a(system_stm32f4xx.o)
 .debug_frame   0x00001164       0x9c C:\Users\jonas\Documents\BFH\Sem5\HWnSWE\GPSTest\Libraries\libBSP.a(misc.o)
 .debug_frame   0x00001200       0xec C:\Users\jonas\Documents\BFH\Sem5\HWnSWE\GPSTest\Libraries\libBSP.a(stm32f4xx_exti.o)
 .debug_frame   0x000012ec      0x220 C:\Users\jonas\Documents\BFH\Sem5\HWnSWE\GPSTest\Libraries\libBSP.a(stm32f4xx_fsmc.o)
 .debug_frame   0x0000150c      0x19c C:\Users\jonas\Documents\BFH\Sem5\HWnSWE\GPSTest\Libraries\libBSP.a(stm32f4xx_gpio.o)
 .debug_frame   0x000016a8      0x3ec C:\Users\jonas\Documents\BFH\Sem5\HWnSWE\GPSTest\Libraries\libBSP.a(stm32f4xx_i2c.o)
 .debug_frame   0x00001a94      0x5b8 C:\Users\jonas\Documents\BFH\Sem5\HWnSWE\GPSTest\Libraries\libBSP.a(stm32f4xx_rcc.o)
 .debug_frame   0x0000204c      0x344 C:\Users\jonas\Documents\BFH\Sem5\HWnSWE\GPSTest\Libraries\libBSP.a(stm32f4xx_usart.o)
 .debug_frame   0x00002390      0x1a4 C:\Users\jonas\Documents\BFH\Sem5\HWnSWE\GPSTest\Libraries\libsGUI.a(text.o)

Cross Reference Table

Symbol                                            File
ADC_IRQHandler                                    src\startup.o
AHBPrescTable                                     C:\Users\jonas\Documents\BFH\Sem5\HWnSWE\GPSTest\Libraries\libBSP.a(system_stm32f4xx.o)
AcceleroInit                                      src\main_CARME.o
BusFault_Handler                                  src\stm32f4xx_it.o
                                                  src\startup.o
CAN1_RX0_IRQHandler                               src\startup.o
CAN1_RX1_IRQHandler                               src\startup.o
CAN1_SCE_IRQHandler                               src\startup.o
CAN1_TX_IRQHandler                                src\startup.o
CAN2_RX0_IRQHandler                               src\startup.o
CAN2_RX1_IRQHandler                               src\startup.o
CAN2_SCE_IRQHandler                               src\startup.o
CAN2_TX_IRQHandler                                src\startup.o
CARME_AGPIO_Get                                   C:\Users\jonas\Documents\BFH\Sem5\HWnSWE\GPSTest\Libraries\libBSP.a(carme.o)
CARME_AGPIO_Set                                   C:\Users\jonas\Documents\BFH\Sem5\HWnSWE\GPSTest\Libraries\libBSP.a(carme.o)
CARME_CAN_GetAcceptaceFilter                      C:\Users\jonas\Documents\BFH\Sem5\HWnSWE\GPSTest\Libraries\libBSP.a(can.o)
CARME_CAN_Init                                    C:\Users\jonas\Documents\BFH\Sem5\HWnSWE\GPSTest\Libraries\libBSP.a(can.o)
CARME_CAN_InitI                                   C:\Users\jonas\Documents\BFH\Sem5\HWnSWE\GPSTest\Libraries\libBSP.a(can.o)
CARME_CAN_Interrupt_Handler                       C:\Users\jonas\Documents\BFH\Sem5\HWnSWE\GPSTest\Libraries\libBSP.a(can.o)
                                                  src\stm32f4xx_it.o
CARME_CAN_Read                                    C:\Users\jonas\Documents\BFH\Sem5\HWnSWE\GPSTest\Libraries\libBSP.a(can.o)
CARME_CAN_RegisterIRQCallback                     C:\Users\jonas\Documents\BFH\Sem5\HWnSWE\GPSTest\Libraries\libBSP.a(can.o)
CARME_CAN_SetAcceptaceFilter                      C:\Users\jonas\Documents\BFH\Sem5\HWnSWE\GPSTest\Libraries\libBSP.a(can.o)
CARME_CAN_SetBaudrate                             C:\Users\jonas\Documents\BFH\Sem5\HWnSWE\GPSTest\Libraries\libBSP.a(can.o)
CARME_CAN_SetMode                                 C:\Users\jonas\Documents\BFH\Sem5\HWnSWE\GPSTest\Libraries\libBSP.a(can.o)
CARME_CAN_UnregisterIRQCallback                   C:\Users\jonas\Documents\BFH\Sem5\HWnSWE\GPSTest\Libraries\libBSP.a(can.o)
CARME_CAN_Write                                   C:\Users\jonas\Documents\BFH\Sem5\HWnSWE\GPSTest\Libraries\libBSP.a(can.o)
CARME_GPIO_Init                                   C:\Users\jonas\Documents\BFH\Sem5\HWnSWE\GPSTest\Libraries\libBSP.a(carme.o)
                                                  C:\Users\jonas\Documents\BFH\Sem5\HWnSWE\GPSTest\Libraries\libBSP.a(ssd1963_lld.o)
                                                  C:\Users\jonas\Documents\BFH\Sem5\HWnSWE\GPSTest\Libraries\libBSP.a(i2c.o)
CARME_I2C_Init                                    C:\Users\jonas\Documents\BFH\Sem5\HWnSWE\GPSTest\Libraries\libBSP.a(i2c.o)
CARME_I2C_Read                                    C:\Users\jonas\Documents\BFH\Sem5\HWnSWE\GPSTest\Libraries\libBSP.a(i2c.o)
                                                  src\main_CARME.o
CARME_I2C_Write                                   C:\Users\jonas\Documents\BFH\Sem5\HWnSWE\GPSTest\Libraries\libBSP.a(i2c.o)
                                                  src\main_CARME.o
CARME_Init                                        C:\Users\jonas\Documents\BFH\Sem5\HWnSWE\GPSTest\Libraries\libBSP.a(carme.o)
                                                  src\startup.o
CARME_LED_Green_Reset                             C:\Users\jonas\Documents\BFH\Sem5\HWnSWE\GPSTest\Libraries\libBSP.a(carme.o)
CARME_LED_Green_Set                               C:\Users\jonas\Documents\BFH\Sem5\HWnSWE\GPSTest\Libraries\libBSP.a(carme.o)
CARME_LED_Red_Reset                               C:\Users\jonas\Documents\BFH\Sem5\HWnSWE\GPSTest\Libraries\libBSP.a(carme.o)
CARME_LED_Red_Set                                 C:\Users\jonas\Documents\BFH\Sem5\HWnSWE\GPSTest\Libraries\libBSP.a(carme.o)
CRYP_IRQHandler                                   src\startup.o
DCMI_IRQHandler                                   src\startup.o
DMA1_Stream0_IRQHandler                           src\startup.o
DMA1_Stream1_IRQHandler                           src\startup.o
DMA1_Stream2_IRQHandler                           src\startup.o
DMA1_Stream3_IRQHandler                           src\startup.o
DMA1_Stream4_IRQHandler                           src\startup.o
DMA1_Stream5_IRQHandler                           src\startup.o
DMA1_Stream6_IRQHandler                           src\startup.o
DMA1_Stream7_IRQHandler                           src\startup.o
DMA2_Stream0_IRQHandler                           src\startup.o
DMA2_Stream1_IRQHandler                           src\startup.o
DMA2_Stream2_IRQHandler                           src\startup.o
DMA2_Stream3_IRQHandler                           src\startup.o
DMA2_Stream4_IRQHandler                           src\startup.o
DMA2_Stream5_IRQHandler                           src\startup.o
DMA2_Stream6_IRQHandler                           src\startup.o
DMA2_Stream7_IRQHandler                           src\startup.o
DebugMon_Handler                                  src\stm32f4xx_it.o
                                                  src\startup.o
Default_Handler                                   src\startup.o
                                                  src\stm32f4xx_it.o
Delay                                             src\main_CARME.o
Display_Accelero                                  src\main_CARME.o
Display_Gyro                                      src\main_CARME.o
Display_NMEA                                      src\main_CARME.o
ETH_IRQHandler                                    src\startup.o
ETH_WKUP_IRQHandler                               src\startup.o
EXTI0_IRQHandler                                  src\stm32f4xx_it.o
                                                  src\startup.o
EXTI15_10_IRQHandler                              src\stm32f4xx_it.o
                                                  src\startup.o
EXTI1_IRQHandler                                  src\startup.o
EXTI2_IRQHandler                                  src\startup.o
EXTI3_IRQHandler                                  src\startup.o
EXTI4_IRQHandler                                  src\startup.o
EXTI9_5_IRQHandler                                src\stm32f4xx_it.o
                                                  src\startup.o
EXTI_ClearFlag                                    C:\Users\jonas\Documents\BFH\Sem5\HWnSWE\GPSTest\Libraries\libBSP.a(stm32f4xx_exti.o)
EXTI_ClearITPendingBit                            C:\Users\jonas\Documents\BFH\Sem5\HWnSWE\GPSTest\Libraries\libBSP.a(stm32f4xx_exti.o)
                                                  src\stm32f4xx_it.o
EXTI_DeInit                                       C:\Users\jonas\Documents\BFH\Sem5\HWnSWE\GPSTest\Libraries\libBSP.a(stm32f4xx_exti.o)
EXTI_GenerateSWInterrupt                          C:\Users\jonas\Documents\BFH\Sem5\HWnSWE\GPSTest\Libraries\libBSP.a(stm32f4xx_exti.o)
EXTI_GetFlagStatus                                C:\Users\jonas\Documents\BFH\Sem5\HWnSWE\GPSTest\Libraries\libBSP.a(stm32f4xx_exti.o)
EXTI_GetITStatus                                  C:\Users\jonas\Documents\BFH\Sem5\HWnSWE\GPSTest\Libraries\libBSP.a(stm32f4xx_exti.o)
                                                  src\stm32f4xx_it.o
EXTI_Init                                         C:\Users\jonas\Documents\BFH\Sem5\HWnSWE\GPSTest\Libraries\libBSP.a(stm32f4xx_exti.o)
                                                  C:\Users\jonas\Documents\BFH\Sem5\HWnSWE\GPSTest\Libraries\libBSP.a(can.o)
EXTI_StructInit                                   C:\Users\jonas\Documents\BFH\Sem5\HWnSWE\GPSTest\Libraries\libBSP.a(stm32f4xx_exti.o)
FLASH_IRQHandler                                  src\startup.o
FPU_IRQHandler                                    src\startup.o
FSMC_ClearFlag                                    C:\Users\jonas\Documents\BFH\Sem5\HWnSWE\GPSTest\Libraries\libBSP.a(stm32f4xx_fsmc.o)
FSMC_ClearITPendingBit                            C:\Users\jonas\Documents\BFH\Sem5\HWnSWE\GPSTest\Libraries\libBSP.a(stm32f4xx_fsmc.o)
FSMC_GetECC                                       C:\Users\jonas\Documents\BFH\Sem5\HWnSWE\GPSTest\Libraries\libBSP.a(stm32f4xx_fsmc.o)
FSMC_GetFlagStatus                                C:\Users\jonas\Documents\BFH\Sem5\HWnSWE\GPSTest\Libraries\libBSP.a(stm32f4xx_fsmc.o)
FSMC_GetITStatus                                  C:\Users\jonas\Documents\BFH\Sem5\HWnSWE\GPSTest\Libraries\libBSP.a(stm32f4xx_fsmc.o)
FSMC_IRQHandler                                   src\startup.o
FSMC_ITConfig                                     C:\Users\jonas\Documents\BFH\Sem5\HWnSWE\GPSTest\Libraries\libBSP.a(stm32f4xx_fsmc.o)
FSMC_NANDCmd                                      C:\Users\jonas\Documents\BFH\Sem5\HWnSWE\GPSTest\Libraries\libBSP.a(stm32f4xx_fsmc.o)
FSMC_NANDDeInit                                   C:\Users\jonas\Documents\BFH\Sem5\HWnSWE\GPSTest\Libraries\libBSP.a(stm32f4xx_fsmc.o)
FSMC_NANDECCCmd                                   C:\Users\jonas\Documents\BFH\Sem5\HWnSWE\GPSTest\Libraries\libBSP.a(stm32f4xx_fsmc.o)
FSMC_NANDInit                                     C:\Users\jonas\Documents\BFH\Sem5\HWnSWE\GPSTest\Libraries\libBSP.a(stm32f4xx_fsmc.o)
FSMC_NANDStructInit                               C:\Users\jonas\Documents\BFH\Sem5\HWnSWE\GPSTest\Libraries\libBSP.a(stm32f4xx_fsmc.o)
FSMC_NORSRAMCmd                                   C:\Users\jonas\Documents\BFH\Sem5\HWnSWE\GPSTest\Libraries\libBSP.a(stm32f4xx_fsmc.o)
                                                  C:\Users\jonas\Documents\BFH\Sem5\HWnSWE\GPSTest\Libraries\libBSP.a(carme.o)
FSMC_NORSRAMDeInit                                C:\Users\jonas\Documents\BFH\Sem5\HWnSWE\GPSTest\Libraries\libBSP.a(stm32f4xx_fsmc.o)
                                                  C:\Users\jonas\Documents\BFH\Sem5\HWnSWE\GPSTest\Libraries\libBSP.a(carme.o)
FSMC_NORSRAMInit                                  C:\Users\jonas\Documents\BFH\Sem5\HWnSWE\GPSTest\Libraries\libBSP.a(stm32f4xx_fsmc.o)
                                                  C:\Users\jonas\Documents\BFH\Sem5\HWnSWE\GPSTest\Libraries\libBSP.a(carme.o)
FSMC_NORSRAMStructInit                            C:\Users\jonas\Documents\BFH\Sem5\HWnSWE\GPSTest\Libraries\libBSP.a(stm32f4xx_fsmc.o)
FSMC_PCCARDCmd                                    C:\Users\jonas\Documents\BFH\Sem5\HWnSWE\GPSTest\Libraries\libBSP.a(stm32f4xx_fsmc.o)
FSMC_PCCARDDeInit                                 C:\Users\jonas\Documents\BFH\Sem5\HWnSWE\GPSTest\Libraries\libBSP.a(stm32f4xx_fsmc.o)
FSMC_PCCARDInit                                   C:\Users\jonas\Documents\BFH\Sem5\HWnSWE\GPSTest\Libraries\libBSP.a(stm32f4xx_fsmc.o)
FSMC_PCCARDStructInit                             C:\Users\jonas\Documents\BFH\Sem5\HWnSWE\GPSTest\Libraries\libBSP.a(stm32f4xx_fsmc.o)
GPIO_DeInit                                       C:\Users\jonas\Documents\BFH\Sem5\HWnSWE\GPSTest\Libraries\libBSP.a(stm32f4xx_gpio.o)
                                                  C:\Users\jonas\Documents\BFH\Sem5\HWnSWE\GPSTest\Libraries\libBSP.a(carme.o)
GPIO_Init                                         C:\Users\jonas\Documents\BFH\Sem5\HWnSWE\GPSTest\Libraries\libBSP.a(stm32f4xx_gpio.o)
                                                  C:\Users\jonas\Documents\BFH\Sem5\HWnSWE\GPSTest\Libraries\libBSP.a(carme.o)
                                                  C:\Users\jonas\Documents\BFH\Sem5\HWnSWE\GPSTest\Libraries\libBSP.a(can.o)
                                                  src\main_CARME.o
GPIO_PinAFConfig                                  C:\Users\jonas\Documents\BFH\Sem5\HWnSWE\GPSTest\Libraries\libBSP.a(stm32f4xx_gpio.o)
                                                  C:\Users\jonas\Documents\BFH\Sem5\HWnSWE\GPSTest\Libraries\libBSP.a(carme.o)
                                                  src\main_CARME.o
GPIO_PinLockConfig                                C:\Users\jonas\Documents\BFH\Sem5\HWnSWE\GPSTest\Libraries\libBSP.a(stm32f4xx_gpio.o)
GPIO_ReadInputData                                C:\Users\jonas\Documents\BFH\Sem5\HWnSWE\GPSTest\Libraries\libBSP.a(stm32f4xx_gpio.o)
GPIO_ReadInputDataBit                             C:\Users\jonas\Documents\BFH\Sem5\HWnSWE\GPSTest\Libraries\libBSP.a(stm32f4xx_gpio.o)
                                                  C:\Users\jonas\Documents\BFH\Sem5\HWnSWE\GPSTest\Libraries\libBSP.a(carme.o)
GPIO_ReadOutputData                               C:\Users\jonas\Documents\BFH\Sem5\HWnSWE\GPSTest\Libraries\libBSP.a(stm32f4xx_gpio.o)
GPIO_ReadOutputDataBit                            C:\Users\jonas\Documents\BFH\Sem5\HWnSWE\GPSTest\Libraries\libBSP.a(stm32f4xx_gpio.o)
                                                  C:\Users\jonas\Documents\BFH\Sem5\HWnSWE\GPSTest\Libraries\libBSP.a(carme.o)
GPIO_ResetBits                                    C:\Users\jonas\Documents\BFH\Sem5\HWnSWE\GPSTest\Libraries\libBSP.a(stm32f4xx_gpio.o)
GPIO_SetBits                                      C:\Users\jonas\Documents\BFH\Sem5\HWnSWE\GPSTest\Libraries\libBSP.a(stm32f4xx_gpio.o)
GPIO_StructInit                                   C:\Users\jonas\Documents\BFH\Sem5\HWnSWE\GPSTest\Libraries\libBSP.a(stm32f4xx_gpio.o)
                                                  C:\Users\jonas\Documents\BFH\Sem5\HWnSWE\GPSTest\Libraries\libBSP.a(i2c.o)
                                                  C:\Users\jonas\Documents\BFH\Sem5\HWnSWE\GPSTest\Libraries\libBSP.a(carme.o)
                                                  C:\Users\jonas\Documents\BFH\Sem5\HWnSWE\GPSTest\Libraries\libBSP.a(can.o)
                                                  src\main_CARME.o
GPIO_ToggleBits                                   C:\Users\jonas\Documents\BFH\Sem5\HWnSWE\GPSTest\Libraries\libBSP.a(stm32f4xx_gpio.o)
GPIO_Write                                        C:\Users\jonas\Documents\BFH\Sem5\HWnSWE\GPSTest\Libraries\libBSP.a(stm32f4xx_gpio.o)
GPIO_WriteBit                                     C:\Users\jonas\Documents\BFH\Sem5\HWnSWE\GPSTest\Libraries\libBSP.a(stm32f4xx_gpio.o)
                                                  C:\Users\jonas\Documents\BFH\Sem5\HWnSWE\GPSTest\Libraries\libBSP.a(ssd1963_lld.o)
                                                  C:\Users\jonas\Documents\BFH\Sem5\HWnSWE\GPSTest\Libraries\libBSP.a(carme.o)
GetSegment_Length                                 src\main_CARME.o
GyroInit                                          src\main_CARME.o
HASH_RNG_IRQHandler                               src\startup.o
HardFault_Handler                                 src\stm32f4xx_it.o
                                                  src\startup.o
I2C1_ER_IRQHandler                                src\startup.o
I2C1_EV_IRQHandler                                src\startup.o
I2C2_ER_IRQHandler                                src\startup.o
I2C2_EV_IRQHandler                                src\startup.o
I2C3_ER_IRQHandler                                src\startup.o
I2C3_EV_IRQHandler                                src\startup.o
I2C_ARPCmd                                        C:\Users\jonas\Documents\BFH\Sem5\HWnSWE\GPSTest\Libraries\libBSP.a(stm32f4xx_i2c.o)
I2C_AcknowledgeConfig                             C:\Users\jonas\Documents\BFH\Sem5\HWnSWE\GPSTest\Libraries\libBSP.a(stm32f4xx_i2c.o)
                                                  C:\Users\jonas\Documents\BFH\Sem5\HWnSWE\GPSTest\Libraries\libBSP.a(i2c.o)
I2C_AnalogFilterCmd                               C:\Users\jonas\Documents\BFH\Sem5\HWnSWE\GPSTest\Libraries\libBSP.a(stm32f4xx_i2c.o)
I2C_CalculatePEC                                  C:\Users\jonas\Documents\BFH\Sem5\HWnSWE\GPSTest\Libraries\libBSP.a(stm32f4xx_i2c.o)
I2C_CheckEvent                                    C:\Users\jonas\Documents\BFH\Sem5\HWnSWE\GPSTest\Libraries\libBSP.a(stm32f4xx_i2c.o)
                                                  C:\Users\jonas\Documents\BFH\Sem5\HWnSWE\GPSTest\Libraries\libBSP.a(i2c.o)
I2C_ClearFlag                                     C:\Users\jonas\Documents\BFH\Sem5\HWnSWE\GPSTest\Libraries\libBSP.a(stm32f4xx_i2c.o)
                                                  C:\Users\jonas\Documents\BFH\Sem5\HWnSWE\GPSTest\Libraries\libBSP.a(i2c.o)
I2C_ClearITPendingBit                             C:\Users\jonas\Documents\BFH\Sem5\HWnSWE\GPSTest\Libraries\libBSP.a(stm32f4xx_i2c.o)
I2C_Cmd                                           C:\Users\jonas\Documents\BFH\Sem5\HWnSWE\GPSTest\Libraries\libBSP.a(stm32f4xx_i2c.o)
                                                  C:\Users\jonas\Documents\BFH\Sem5\HWnSWE\GPSTest\Libraries\libBSP.a(i2c.o)
                                                  src\main_CARME.o
I2C_DMACmd                                        C:\Users\jonas\Documents\BFH\Sem5\HWnSWE\GPSTest\Libraries\libBSP.a(stm32f4xx_i2c.o)
I2C_DMALastTransferCmd                            C:\Users\jonas\Documents\BFH\Sem5\HWnSWE\GPSTest\Libraries\libBSP.a(stm32f4xx_i2c.o)
I2C_DeInit                                        C:\Users\jonas\Documents\BFH\Sem5\HWnSWE\GPSTest\Libraries\libBSP.a(stm32f4xx_i2c.o)
                                                  C:\Users\jonas\Documents\BFH\Sem5\HWnSWE\GPSTest\Libraries\libBSP.a(i2c.o)
                                                  src\main_CARME.o
I2C_DigitalFilterConfig                           C:\Users\jonas\Documents\BFH\Sem5\HWnSWE\GPSTest\Libraries\libBSP.a(stm32f4xx_i2c.o)
I2C_DualAddressCmd                                C:\Users\jonas\Documents\BFH\Sem5\HWnSWE\GPSTest\Libraries\libBSP.a(stm32f4xx_i2c.o)
I2C_FastModeDutyCycleConfig                       C:\Users\jonas\Documents\BFH\Sem5\HWnSWE\GPSTest\Libraries\libBSP.a(stm32f4xx_i2c.o)
I2C_GeneralCallCmd                                C:\Users\jonas\Documents\BFH\Sem5\HWnSWE\GPSTest\Libraries\libBSP.a(stm32f4xx_i2c.o)
I2C_GenerateSTART                                 C:\Users\jonas\Documents\BFH\Sem5\HWnSWE\GPSTest\Libraries\libBSP.a(stm32f4xx_i2c.o)
                                                  C:\Users\jonas\Documents\BFH\Sem5\HWnSWE\GPSTest\Libraries\libBSP.a(i2c.o)
I2C_GenerateSTOP                                  C:\Users\jonas\Documents\BFH\Sem5\HWnSWE\GPSTest\Libraries\libBSP.a(stm32f4xx_i2c.o)
                                                  C:\Users\jonas\Documents\BFH\Sem5\HWnSWE\GPSTest\Libraries\libBSP.a(i2c.o)
I2C_GetFlagStatus                                 C:\Users\jonas\Documents\BFH\Sem5\HWnSWE\GPSTest\Libraries\libBSP.a(stm32f4xx_i2c.o)
                                                  C:\Users\jonas\Documents\BFH\Sem5\HWnSWE\GPSTest\Libraries\libBSP.a(i2c.o)
I2C_GetITStatus                                   C:\Users\jonas\Documents\BFH\Sem5\HWnSWE\GPSTest\Libraries\libBSP.a(stm32f4xx_i2c.o)
I2C_GetLastEvent                                  C:\Users\jonas\Documents\BFH\Sem5\HWnSWE\GPSTest\Libraries\libBSP.a(stm32f4xx_i2c.o)
I2C_GetPEC                                        C:\Users\jonas\Documents\BFH\Sem5\HWnSWE\GPSTest\Libraries\libBSP.a(stm32f4xx_i2c.o)
I2C_ITConfig                                      C:\Users\jonas\Documents\BFH\Sem5\HWnSWE\GPSTest\Libraries\libBSP.a(stm32f4xx_i2c.o)
I2C_Init                                          C:\Users\jonas\Documents\BFH\Sem5\HWnSWE\GPSTest\Libraries\libBSP.a(stm32f4xx_i2c.o)
                                                  C:\Users\jonas\Documents\BFH\Sem5\HWnSWE\GPSTest\Libraries\libBSP.a(i2c.o)
                                                  src\main_CARME.o
I2C_NACKPositionConfig                            C:\Users\jonas\Documents\BFH\Sem5\HWnSWE\GPSTest\Libraries\libBSP.a(stm32f4xx_i2c.o)
I2C_OwnAddress2Config                             C:\Users\jonas\Documents\BFH\Sem5\HWnSWE\GPSTest\Libraries\libBSP.a(stm32f4xx_i2c.o)
I2C_PECPositionConfig                             C:\Users\jonas\Documents\BFH\Sem5\HWnSWE\GPSTest\Libraries\libBSP.a(stm32f4xx_i2c.o)
I2C_ReadRegister                                  C:\Users\jonas\Documents\BFH\Sem5\HWnSWE\GPSTest\Libraries\libBSP.a(stm32f4xx_i2c.o)
I2C_ReceiveData                                   C:\Users\jonas\Documents\BFH\Sem5\HWnSWE\GPSTest\Libraries\libBSP.a(stm32f4xx_i2c.o)
                                                  C:\Users\jonas\Documents\BFH\Sem5\HWnSWE\GPSTest\Libraries\libBSP.a(i2c.o)
I2C_SMBusAlertConfig                              C:\Users\jonas\Documents\BFH\Sem5\HWnSWE\GPSTest\Libraries\libBSP.a(stm32f4xx_i2c.o)
I2C_Send7bitAddress                               C:\Users\jonas\Documents\BFH\Sem5\HWnSWE\GPSTest\Libraries\libBSP.a(stm32f4xx_i2c.o)
                                                  C:\Users\jonas\Documents\BFH\Sem5\HWnSWE\GPSTest\Libraries\libBSP.a(i2c.o)
I2C_SendData                                      C:\Users\jonas\Documents\BFH\Sem5\HWnSWE\GPSTest\Libraries\libBSP.a(stm32f4xx_i2c.o)
                                                  C:\Users\jonas\Documents\BFH\Sem5\HWnSWE\GPSTest\Libraries\libBSP.a(i2c.o)
I2C_SoftwareResetCmd                              C:\Users\jonas\Documents\BFH\Sem5\HWnSWE\GPSTest\Libraries\libBSP.a(stm32f4xx_i2c.o)
                                                  C:\Users\jonas\Documents\BFH\Sem5\HWnSWE\GPSTest\Libraries\libBSP.a(i2c.o)
I2C_StretchClockCmd                               C:\Users\jonas\Documents\BFH\Sem5\HWnSWE\GPSTest\Libraries\libBSP.a(stm32f4xx_i2c.o)
I2C_StructInit                                    C:\Users\jonas\Documents\BFH\Sem5\HWnSWE\GPSTest\Libraries\libBSP.a(stm32f4xx_i2c.o)
                                                  C:\Users\jonas\Documents\BFH\Sem5\HWnSWE\GPSTest\Libraries\libBSP.a(i2c.o)
                                                  src\main_CARME.o
I2C_TransmitPEC                                   C:\Users\jonas\Documents\BFH\Sem5\HWnSWE\GPSTest\Libraries\libBSP.a(stm32f4xx_i2c.o)
Init_I2C2                                         src\main_CARME.o
Init_USART1                                       src\main_CARME.o
LCD_ClearLine                                     C:\Users\jonas\Documents\BFH\Sem5\HWnSWE\GPSTest\Libraries\libsGUI.a(text.o)